###############################################################################
#
# IAR C/C++ Compiler V7.21.1.1000/W32 for MSP430          02/Oct/2022  18:16:06
# Copyright 1996-2021 IAR Systems AB.
# PC-locked license - IAR Embedded Workbench for MSP430, 8K KickStart Edition 7.21
#
#    __rt_version  =  3
#    __double_size =  32
#    __reg_r4      =  free
#    __reg_r5      =  free
#    __pic         =  no
#    __core        =  430X
#    __data_model  =  small
#    __code_model  =  large
#    Source file   =  
#        C:\Users\Ibrahim
#        Moghul\OneDrive\Documents\Programming\LaserController\Code\main.c
#    Command line  =  
#        -f C:\Users\IBRAHI~1\AppData\Local\Temp\EWFBA1.tmp ("C:\Users\Ibrahim
#        Moghul\OneDrive\Documents\Programming\LaserController\Code\main.c" -lC
#        "C:\Users\Ibrahim
#        Moghul\OneDrive\Documents\Programming\LaserController\Code\Debug\List"
#        -o "C:\Users\Ibrahim
#        Moghul\OneDrive\Documents\Programming\LaserController\Code\Debug\Obj"
#        --no_cse --no_unroll --no_inline --no_code_motion --no_tbaa --debug
#        -D__MSP430FR2355__ -e --double=32 --dlib_config "C:\Program Files
#        (x86)\IAR Systems\Embedded Workbench 8.5\430\lib\dlib\dl430xlsfn.h" -I
#        ./ --core=430X --data_model=small -On --multiplier=32
#        --hw_workaround=CPU40 --code_model=large)
#    Locale        =  English_USA.1252
#    List file     =  
#        C:\Users\Ibrahim
#        Moghul\OneDrive\Documents\Programming\LaserController\Code\Debug\List\main.lst
#    Object file   =  
#        C:\Users\Ibrahim
#        Moghul\OneDrive\Documents\Programming\LaserController\Code\Debug\Obj\main.r43
#
###############################################################################

C:\Users\Ibrahim Moghul\OneDrive\Documents\Programming\LaserController\Code\main.c
      1          #include "msp430.h"

   \                                 In  segment DATA16_AN, at 0x130
   \   union <unnamed> _A_PM5CTL0_L
   \                     _A_PM5CTL0_L:
   \   000000                DS8 2
      2          #include "functions.h"
      3          
      4          /**
      5           * main.c
      6           */

   \                                 In  segment CODE, align 2
      7          int main(void)
   \                     main:
      8          {
      9              PM5CTL0 &= ~LOCKLPM5;
   \   000000   92C33001     BIC.W   #0x1, &0x130
     10              Init_Ports();
                     ^
Warning[Pe223]: function "Init_Ports" declared implicitly
   \   000004   ........     CALLA   #Init_Ports
     11              Init_Clocks();
   \   000008   ........     CALLA   #Init_Clocks
     12              enable_interrupts();
   \   00000C   ........     CALLA   #enable_interrupts
     13              return 0;
   \   000010   0C43         MOV.W   #0x0, R12
   \   000012   1001         RETA
   \   000014                REQUIRE _A_PM5CTL0_L
     14          }

   Maximum stack usage in bytes:

   CSTACK Function
   ------ --------
      4   main
        4   -> Init_Clocks
        4   -> Init_Ports
        4   -> enable_interrupts


   Segment part sizes:

   Bytes  Function/Label
   -----  --------------
       2  _A_PM5CTL0_L
      20  main

 
 20 bytes in segment CODE
  2 bytes in segment DATA16_AN
 
 20 bytes of CODE memory
  0 bytes of DATA memory (+ 2 bytes shared)

Errors: none
Warnings: 1
