###############################################################################
#
# IAR C/C++ Compiler V7.21.1.1000/W32 for MSP430          31/Oct/2022  09:14:00
# Copyright 1996-2021 IAR Systems AB.
# PC-locked license - IAR Embedded Workbench for MSP430, 8K KickStart Edition 7.21
#
#    __rt_version  =  3
#    __double_size =  32
#    __reg_r4      =  free
#    __reg_r5      =  free
#    __pic         =  no
#    __core        =  430X
#    __data_model  =  small
#    __code_model  =  large
#    Source file   =  
#        C:\Users\Ibrahim
#        Moghul\OneDrive\Documents\Programming\LaserController\Code\motor.c
#    Command line  =  
#        -f C:\Users\IBRAHI~1\AppData\Local\Temp\EWFCC5.tmp ("C:\Users\Ibrahim
#        Moghul\OneDrive\Documents\Programming\LaserController\Code\motor.c"
#        -lC "C:\Users\Ibrahim
#        Moghul\OneDrive\Documents\Programming\LaserController\Code\Debug\List"
#        -o "C:\Users\Ibrahim
#        Moghul\OneDrive\Documents\Programming\LaserController\Code\Debug\Obj"
#        --no_cse --no_unroll --no_inline --no_code_motion --no_tbaa --debug
#        -D__MSP430FR2355__ -e --double=32 --dlib_config "C:\Program Files
#        (x86)\IAR Systems\Embedded Workbench 8.5\430\lib\dlib\dl430xlsfn.h" -I
#        ./ --core=430X --data_model=small -On --multiplier=32
#        --hw_workaround=CPU40 --code_model=large)
#    Locale        =  English_USA.1252
#    List file     =  
#        C:\Users\Ibrahim
#        Moghul\OneDrive\Documents\Programming\LaserController\Code\Debug\List\motor.lst
#    Object file   =  
#        C:\Users\Ibrahim
#        Moghul\OneDrive\Documents\Programming\LaserController\Code\Debug\Obj\motor.r43
#
###############################################################################

C:\Users\Ibrahim Moghul\OneDrive\Documents\Programming\LaserController\Code\motor.c
      1          #include "motor.h"
      2          #include "msp430.h"

   \                                 In  segment DATA16_AN, at 0x202
   \   union <unnamed> _A_PAOUT_L
   \                     _A_PAOUT_L:
   \   000000                DS8 2

   \                                 In  segment DATA16_AN, at 0x23c
   \   union <unnamed> _A_PBIFG_L
   \                     _A_PBIFG_L:
   \   000000                DS8 2

   \                                 In  segment DATA16_AN, at 0x242
   \   union <unnamed> _A_PCOUT_L
   \                     _A_PCOUT_L:
   \   000000                DS8 2

   \                                 In  segment DATA16_AN, at 0x454
   \   union <unnamed> _A_TB3CCR1_L
   \                     _A_TB3CCR1_L:
   \   000000                DS8 2

   \                                 In  segment DATA16_AN, at 0x456
   \   union <unnamed> _A_TB3CCR2_L
   \                     _A_TB3CCR2_L:
   \   000000                DS8 2
      3          #include "timers.h"
      4          #include "ports.h"
      5          

   \                                 In  segment DATA16_Z, align 2, align-sorted
   \   000000                REQUIRE ?cstart_init_zero
      6          unsigned int pulseCount;
   \                     pulseCount:
   \   000000                DS8 2

   \                                 In  segment DATA16_Z, align 1, align-sorted
   \   000000                REQUIRE ?cstart_init_zero
      7          volatile unsigned char pulseTrainsSent;
   \                     pulseTrainsSent:
   \   000000                DS8 1

   \                                 In  segment DATA16_Z, align 2, align-sorted
   \   000000                REQUIRE ?cstart_init_zero
      8          volatile unsigned int pulsesToSend;
   \                     pulsesToSend:
   \   000000                DS8 2

   \                                 In  segment DATA16_Z, align 2, align-sorted
   \   000000                REQUIRE ?cstart_init_zero
      9          volatile unsigned int trainsToSend, trainsDir;
   \                     trainsToSend:
   \   000000                DS8 2

   \                                 In  segment DATA16_Z, align 2, align-sorted
   \   000000                REQUIRE ?cstart_init_zero
   \                     trainsDir:
   \   000000                DS8 2

   \                                 In  segment DATA16_Z, align 2, align-sorted
   \   000000                REQUIRE ?cstart_init_zero
     10          unsigned int trainsSent;
   \                     trainsSent:
   \   000000                DS8 2

   \                                 In  segment DATA16_Z, align 1, align-sorted
   \   000000                REQUIRE ?cstart_init_zero
     11          volatile char trainsFinished;
   \                     trainsFinished:
   \   000000                DS8 1
     12          

   \                                 In  segment CODE, align 2
     13          int sendTrains(){
   \                     sendTrains:
     14            if(pulseTrainsSent && trainsToSend){
   \   000000   C293....     CMP.B   #0x0, &pulseTrainsSent
   \   000004   1D24         JEQ     ??sendTrains_0
   \   000006   8293....     CMP.W   #0x0, &trainsToSend
   \   00000A   1A24         JEQ     ??sendTrains_0
     15                trainsFinished = 0;
   \   00000C   C243....     MOV.B   #0x0, &trainsFinished
     16                sendPulseTrains(1, trainsDir);
   \   000010   1D42....     MOV.W   &trainsDir, R13
   \   000014   1C43         MOV.W   #0x1, R12
   \   000016   ........     CALLA   #sendPulseTrains
     17                if(trainsSent++ >= trainsToSend){
   \   00001A   1F42....     MOV.W   &trainsSent, R15
   \   00001E   0E4F         MOV.W   R15, R14
   \   000020   1E53         ADD.W   #0x1, R14
   \   000022   824E....     MOV.W   R14, &trainsSent
   \   000026   1F92....     CMP.W   &trainsToSend, R15
   \   00002A   0828         JNC     ??sendTrains_1
     18                  trainsSent = 0;
   \   00002C   8243....     MOV.W   #0x0, &trainsSent
     19                  trainsToSend = 0;
   \   000030   8243....     MOV.W   #0x0, &trainsToSend
     20                  pulseTrainsSent = 0;
   \   000034   C243....     MOV.B   #0x0, &pulseTrainsSent
     21                  trainsFinished = 1;
   \   000038   D243....     MOV.B   #0x1, &trainsFinished
     22                }
     23                return 1;
   \                     ??sendTrains_1:
   \   00003C   1C43         MOV.W   #0x1, R12
   \   00003E   1001         RETA
     24            }else if(!trainsToSend){
   \                     ??sendTrains_0:
   \   000040   8293....     CMP.W   #0x0, &trainsToSend
   \   000044   0820         JNE     ??sendTrains_2
     25              trainsSent = 0;
   \   000046   8243....     MOV.W   #0x0, &trainsSent
     26              trainsToSend = 0;
   \   00004A   8243....     MOV.W   #0x0, &trainsToSend
     27              pulseTrainsSent = 0;
   \   00004E   C243....     MOV.B   #0x0, &pulseTrainsSent
     28              trainsFinished = 1;
   \   000052   D243....     MOV.B   #0x1, &trainsFinished
     29            }
     30            return 0;
   \                     ??sendTrains_2:
   \   000056   0C43         MOV.W   #0x0, R12
   \   000058   1001         RETA
     31          }
     32          

   \                                 In  segment CODE, align 2
     33          void sendPulseTrains(int revs, int dir){
   \                     sendPulseTrains:
   \   000000   0F4C         MOV.W   R12, R15
     34            pulseTrainsSent = 0;
   \   000002   C243....     MOV.B   #0x0, &pulseTrainsSent
     35            pulsesToSend = 200*revs;
   \   000006   0E4F         MOV.W   R15, R14
   \   000008   5E0A         RLAM.W  #0x3, R14
   \   00000A   0C4E         MOV.W   R14, R12
   \   00000C   5E0A         RLAM.W  #0x3, R14
   \   00000E   0C5E         ADD.W   R14, R12
   \   000010   0E5E         RLA.W   R14
   \   000012   0E5C         ADD.W   R12, R14
   \   000014   824E....     MOV.W   R14, &pulsesToSend
     36            setMotor1(dir);
   \   000018   0C4D         MOV.W   R13, R12
   \   00001A   ........     CALLA   #setMotor1
     37          }
   \   00001E   1001         RETA
     38          
     39          // dir:
     40          // 0: stop
     41          // 1: cw
     42          // 2: ccw

   \                                 In  segment CODE, align 2
     43          void setMotor2(int dir){
   \                     setMotor2:
     44            if(!dir){
   \   000000   0C93         CMP.W   #0x0, R12
   \   000002   0320         JNE     ??setMotor2_1
     45              MOTOR2_P = 0;
   \   000004   82435604     MOV.W   #0x0, &0x456
     46              return;
   \   000008   1001         RETA
     47            }
     48            
     49            if(dir==2){
   \                     ??setMotor2_1:
   \   00000A   2C93         CMP.W   #0x2, R12
   \   00000C   0420         JNE     ??setMotor2_2
     50              DIR2_P_ON;
   \   00000E   F2D010004202 BIS.B   #0x10, &0x242
   \   000014   053C         JMP     ??setMotor2_0
     51            }
     52            else if (dir==1) {
   \                     ??setMotor2_2:
   \   000016   1C93         CMP.W   #0x1, R12
   \   000018   0320         JNE     ??setMotor2_0
     53              DIR2_P_OFF;
   \   00001A   F2C010004202 BIC.B   #0x10, &0x242
     54            }
     55            MOTOR2_P = PULSE_PERIOD>>1;
   \                     ??setMotor2_0:
   \   000020   B240D0075604 MOV.W   #0x7d0, &0x456
     56          }
   \   000026   1001         RETA
   \   000028                REQUIRE _A_TB3CCR2_L
   \   000028                REQUIRE _A_PCOUT_L
     57          

   \                                 In  segment CODE, align 2
     58          void setMotor1(int dir){
   \                     setMotor1:
     59            if(!dir){
   \   000000   0C93         CMP.W   #0x0, R12
   \   000002   0320         JNE     ??setMotor1_1
     60              MOTOR1_P = 0;
   \   000004   82435404     MOV.W   #0x0, &0x454
     61              return;
   \   000008   1001         RETA
     62            }
     63            
     64            if(dir==2){
   \                     ??setMotor1_1:
   \   00000A   2C93         CMP.W   #0x2, R12
   \   00000C   0420         JNE     ??setMotor1_2
     65              DIR1_P_ON
   \   00000E   F2D010000202 BIS.B   #0x10, &0x202
   \   000014   053C         JMP     ??setMotor1_0
     66            }
     67            else if (dir == 1){
   \                     ??setMotor1_2:
   \   000016   1C93         CMP.W   #0x1, R12
   \   000018   0320         JNE     ??setMotor1_0
     68              DIR1_P_OFF
   \   00001A   F2C010000202 BIC.B   #0x10, &0x202
     69            }
     70            MOTOR1_P = PULSE_PERIOD>>1;
   \                     ??setMotor1_0:
   \   000020   B240D0075404 MOV.W   #0x7d0, &0x454
     71          }
   \   000026   1001         RETA
   \   000028                REQUIRE _A_TB3CCR1_L
   \   000028                REQUIRE _A_PAOUT_L
     72          
     73          
     74          
     75          #pragma vector=PORT3_VECTOR

   \                                 In  segment ISR_CODE, align 2
     76          __interrupt void motor1Count_interrupt(void) {
   \                     motor1Count_interrupt:
     77              if(((P3IFG & MOTOR1_P_COUNT) && MOTOR1_P)) {
   \   000000   F2B040003C02 BIT.B   #0x40, &0x23c
   \   000006   1128         JNC     ??motor1Count_interrupt_0
   \   000008   82935404     CMP.W   #0x0, &0x454
   \   00000C   0E24         JEQ     ??motor1Count_interrupt_0
     78                      if(++pulseCount>=pulsesToSend){
   \   00000E   9253....     ADD.W   #0x1, &pulseCount
   \   000012   9292........ CMP.W   &pulsesToSend, &pulseCount
   \   000018   0828         JNC     ??motor1Count_interrupt_0
     79                        MOTOR1_P = 0;
   \   00001A   82435404     MOV.W   #0x0, &0x454
     80                        pulseTrainsSent=1;
   \   00001E   D243....     MOV.B   #0x1, &pulseTrainsSent
     81                        pulseCount = 0;
   \   000022   8243....     MOV.W   #0x0, &pulseCount
     82                        pulsesToSend = 0;
   \   000026   8243....     MOV.W   #0x0, &pulsesToSend
     83                      }
     84              }
     85              P3IFG &= ~MOTOR1_P_COUNT;
   \                     ??motor1Count_interrupt_0:
   \   00002A   F2C040003C02 BIC.B   #0x40, &0x23c
     86          }
   \   000030   0013         RETI
   \   000032                REQUIRE _A_PBIFG_L
   \   000032                REQUIRE _A_TB3CCR1_L

   \                                 In  segment INTVEC, offset 0x2e, root
   \                     `??motor1Count_interrupt::??INTVEC 46`:
   \   00002E   ....         DC16    motor1Count_interrupt

   Maximum stack usage in bytes:

   CSTACK Function
   ------ --------
      4   motor1Count_interrupt
      4   sendPulseTrains
        4   -> setMotor1
      4   sendTrains
        4   -> sendPulseTrains
      4   setMotor1
      4   setMotor2


   Segment part sizes:

   Bytes  Function/Label
   -----  --------------
       2  _A_PAOUT_L
       2  _A_PBIFG_L
       2  _A_PCOUT_L
       2  _A_TB3CCR1_L
       2  _A_TB3CCR2_L
      50  motor1Count_interrupt
       2  motor1Count_interrupt::??INTVEC 46
       2  pulseCount
       1  pulseTrainsSent
       2  pulsesToSend
      32  sendPulseTrains
      90  sendTrains
      40  setMotor1
      40  setMotor2
       2  trainsDir
       1  trainsFinished
       2  trainsSent
       2  trainsToSend

 
 202 bytes in segment CODE
  10 bytes in segment DATA16_AN
  12 bytes in segment DATA16_Z
   2 bytes in segment INTVEC
  50 bytes in segment ISR_CODE
 
 252 bytes of CODE  memory
   0 bytes of CONST memory (+  2 bytes shared)
  12 bytes of DATA  memory (+ 10 bytes shared)

Errors: none
Warnings: none
