###############################################################################
#
# IAR C/C++ Compiler V7.21.1.1000/W32 for MSP430          31/Oct/2022  08:42:40
# Copyright 1996-2021 IAR Systems AB.
# PC-locked license - IAR Embedded Workbench for MSP430, 8K KickStart Edition 7.21
#
#    __rt_version  =  3
#    __double_size =  32
#    __reg_r4      =  free
#    __reg_r5      =  free
#    __pic         =  no
#    __core        =  430X
#    __data_model  =  small
#    __code_model  =  large
#    Source file   =  
#        C:\Users\Ibrahim
#        Moghul\OneDrive\Documents\Programming\LaserController\Code\motor.c
#    Command line  =  
#        -f C:\Users\IBRAHI~1\AppData\Local\Temp\EW4D19.tmp ("C:\Users\Ibrahim
#        Moghul\OneDrive\Documents\Programming\LaserController\Code\motor.c"
#        -lC "C:\Users\Ibrahim
#        Moghul\OneDrive\Documents\Programming\LaserController\Code\Debug\List"
#        -o "C:\Users\Ibrahim
#        Moghul\OneDrive\Documents\Programming\LaserController\Code\Debug\Obj"
#        --no_cse --no_unroll --no_inline --no_code_motion --no_tbaa --debug
#        -D__MSP430FR2355__ -e --double=32 --dlib_config "C:\Program Files
#        (x86)\IAR Systems\Embedded Workbench 8.5\430\lib\dlib\dl430xlsfn.h" -I
#        ./ --core=430X --data_model=small -On --multiplier=32
#        --hw_workaround=CPU40 --code_model=large)
#    Locale        =  English_USA.1252
#    List file     =  
#        C:\Users\Ibrahim
#        Moghul\OneDrive\Documents\Programming\LaserController\Code\Debug\List\motor.lst
#    Object file   =  
#        C:\Users\Ibrahim
#        Moghul\OneDrive\Documents\Programming\LaserController\Code\Debug\Obj\motor.r43
#
###############################################################################

C:\Users\Ibrahim Moghul\OneDrive\Documents\Programming\LaserController\Code\motor.c
      1          #include "motor.h"
      2          #include "msp430.h"

   \                                 In  segment DATA16_AN, at 0x202
   \   union <unnamed> _A_PAOUT_L
   \                     _A_PAOUT_L:
   \   000000                DS8 2

   \                                 In  segment DATA16_AN, at 0x23c
   \   union <unnamed> _A_PBIFG_L
   \                     _A_PBIFG_L:
   \   000000                DS8 2

   \                                 In  segment DATA16_AN, at 0x242
   \   union <unnamed> _A_PCOUT_L
   \                     _A_PCOUT_L:
   \   000000                DS8 2

   \                                 In  segment DATA16_AN, at 0x454
   \   union <unnamed> _A_TB3CCR1_L
   \                     _A_TB3CCR1_L:
   \   000000                DS8 2

   \                                 In  segment DATA16_AN, at 0x456
   \   union <unnamed> _A_TB3CCR2_L
   \                     _A_TB3CCR2_L:
   \   000000                DS8 2
      3          #include "timers.h"
      4          #include "ports.h"
      5          

   \                                 In  segment DATA16_Z, align 2, align-sorted
   \   000000                REQUIRE ?cstart_init_zero
      6          unsigned int pulseCount;
   \                     pulseCount:
   \   000000                DS8 2

   \                                 In  segment DATA16_Z, align 1, align-sorted
   \   000000                REQUIRE ?cstart_init_zero
      7          volatile unsigned char pulseTrainsSent;
   \                     pulseTrainsSent:
   \   000000                DS8 1

   \                                 In  segment DATA16_Z, align 2, align-sorted
   \   000000                REQUIRE ?cstart_init_zero
      8          volatile unsigned int pulsesToSend;
   \                     pulsesToSend:
   \   000000                DS8 2

   \                                 In  segment DATA16_Z, align 2, align-sorted
   \   000000                REQUIRE ?cstart_init_zero
      9          volatile unsigned int trainsToSend, trainsDir;
   \                     trainsToSend:
   \   000000                DS8 2

   \                                 In  segment DATA16_Z, align 2, align-sorted
   \   000000                REQUIRE ?cstart_init_zero
   \                     trainsDir:
   \   000000                DS8 2

   \                                 In  segment DATA16_Z, align 2, align-sorted
   \   000000                REQUIRE ?cstart_init_zero
     10          volatile unsigned int trainsSent;
   \                     trainsSent:
   \   000000                DS8 2
     11          

   \                                 In  segment CODE, align 2
     12          int sendTrains(){
   \                     sendTrains:
     13            if(pulseTrainsSent && trainsToSend){
   \   000000   C293....     CMP.B   #0x0, &pulseTrainsSent
   \   000004   1824         JEQ     ??sendTrains_0
   \   000006   8293....     CMP.W   #0x0, &trainsToSend
   \   00000A   1524         JEQ     ??sendTrains_0
     14                sendPulseTrains(1, 1);
   \   00000C   1D43         MOV.W   #0x1, R13
   \   00000E   1C43         MOV.W   #0x1, R12
   \   000010   ........     CALLA   #sendPulseTrains
     15                if(trainsSent++ >= trainsToSend){
                       ^
Warning[Pa082]: undefined behavior: the order of volatile accesses is undefined
          in this statement
   \   000014   1F42....     MOV.W   &trainsSent, R15
   \   000018   0E4F         MOV.W   R15, R14
   \   00001A   1E53         ADD.W   #0x1, R14
   \   00001C   824E....     MOV.W   R14, &trainsSent
   \   000020   1F92....     CMP.W   &trainsToSend, R15
   \   000024   0628         JNC     ??sendTrains_1
     16                  trainsSent = 0;
   \   000026   8243....     MOV.W   #0x0, &trainsSent
     17                  trainsToSend = 0;
   \   00002A   8243....     MOV.W   #0x0, &trainsToSend
     18                  pulseTrainsSent = 0;
   \   00002E   C243....     MOV.B   #0x0, &pulseTrainsSent
     19                }
     20                return 1;
   \                     ??sendTrains_1:
   \   000032   1C43         MOV.W   #0x1, R12
   \   000034   1001         RETA
     21            }
     22            return 0;
   \                     ??sendTrains_0:
   \   000036   0C43         MOV.W   #0x0, R12
   \   000038   1001         RETA
     23          }
     24          

   \                                 In  segment CODE, align 2
     25          void sendPulseTrains(int revs, int dir){
   \                     sendPulseTrains:
   \   000000   0F4C         MOV.W   R12, R15
     26            pulseTrainsSent = 0;
   \   000002   C243....     MOV.B   #0x0, &pulseTrainsSent
     27            pulsesToSend = 200*revs;
   \   000006   0E4F         MOV.W   R15, R14
   \   000008   5E0A         RLAM.W  #0x3, R14
   \   00000A   0C4E         MOV.W   R14, R12
   \   00000C   5E0A         RLAM.W  #0x3, R14
   \   00000E   0C5E         ADD.W   R14, R12
   \   000010   0E5E         RLA.W   R14
   \   000012   0E5C         ADD.W   R12, R14
   \   000014   824E....     MOV.W   R14, &pulsesToSend
     28            setMotor1(dir);
   \   000018   0C4D         MOV.W   R13, R12
   \   00001A   ........     CALLA   #setMotor1
     29          }
   \   00001E   1001         RETA
     30          

   \                                 In  segment CODE, align 2
     31          void setMotor2(int dir){
   \                     setMotor2:
     32            if(dir){
   \   000000   0C93         CMP.W   #0x0, R12
   \   000002   0424         JEQ     ??setMotor2_1
     33              DIR2_P_ON;
   \   000004   F2D010004202 BIS.B   #0x10, &0x242
   \   00000A   033C         JMP     ??setMotor2_0
     34            }
     35            else {
     36              DIR2_P_OFF;
   \                     ??setMotor2_1:
   \   00000C   F2C010004202 BIC.B   #0x10, &0x242
     37            }
     38            MOTOR2_P = PULSE_PERIOD>>1;
   \                     ??setMotor2_0:
   \   000012   B240D0075604 MOV.W   #0x7d0, &0x456
     39          }
   \   000018   1001         RETA
   \   00001A                REQUIRE _A_PCOUT_L
   \   00001A                REQUIRE _A_TB3CCR2_L
     40          

   \                                 In  segment CODE, align 2
     41          void setMotor1(int dir){
   \                     setMotor1:
     42            if(dir){
   \   000000   0C93         CMP.W   #0x0, R12
   \   000002   0424         JEQ     ??setMotor1_1
     43              DIR1_P_ON
   \   000004   F2D010000202 BIS.B   #0x10, &0x202
   \   00000A   033C         JMP     ??setMotor1_0
     44            }
     45            else {
     46              DIR1_P_OFF
   \                     ??setMotor1_1:
   \   00000C   F2C010000202 BIC.B   #0x10, &0x202
     47            }
     48            MOTOR1_P = PULSE_PERIOD>>1;
   \                     ??setMotor1_0:
   \   000012   B240D0075404 MOV.W   #0x7d0, &0x454
     49          }
   \   000018   1001         RETA
   \   00001A                REQUIRE _A_PAOUT_L
   \   00001A                REQUIRE _A_TB3CCR1_L
     50          
     51          
     52          
     53          #pragma vector=PORT3_VECTOR

   \                                 In  segment ISR_CODE, align 2
     54          __interrupt void motor1Count_interrupt(void) {
   \                     motor1Count_interrupt:
     55              if(((P3IFG & MOTOR1_P_COUNT) && MOTOR1_P)) {
   \   000000   F2B040003C02 BIT.B   #0x40, &0x23c
   \   000006   1128         JNC     ??motor1Count_interrupt_0
   \   000008   82935404     CMP.W   #0x0, &0x454
   \   00000C   0E24         JEQ     ??motor1Count_interrupt_0
     56                      if(++pulseCount>=pulsesToSend){
   \   00000E   9253....     ADD.W   #0x1, &pulseCount
   \   000012   9292........ CMP.W   &pulsesToSend, &pulseCount
   \   000018   0828         JNC     ??motor1Count_interrupt_0
     57                        MOTOR1_P = 0;
   \   00001A   82435404     MOV.W   #0x0, &0x454
     58                        pulseTrainsSent=1;
   \   00001E   D243....     MOV.B   #0x1, &pulseTrainsSent
     59                        pulseCount = 0;
   \   000022   8243....     MOV.W   #0x0, &pulseCount
     60                        pulsesToSend = 0;
   \   000026   8243....     MOV.W   #0x0, &pulsesToSend
     61                      }
     62              }
     63              P3IFG &= ~MOTOR1_P_COUNT;
   \                     ??motor1Count_interrupt_0:
   \   00002A   F2C040003C02 BIC.B   #0x40, &0x23c
     64          }
   \   000030   0013         RETI
   \   000032                REQUIRE _A_PBIFG_L
   \   000032                REQUIRE _A_TB3CCR1_L

   \                                 In  segment INTVEC, offset 0x2e, root
   \                     `??motor1Count_interrupt::??INTVEC 46`:
   \   00002E   ....         DC16    motor1Count_interrupt

   Maximum stack usage in bytes:

   CSTACK Function
   ------ --------
      4   motor1Count_interrupt
      4   sendPulseTrains
        4   -> setMotor1
      4   sendTrains
        4   -> sendPulseTrains
      4   setMotor1
      4   setMotor2


   Segment part sizes:

   Bytes  Function/Label
   -----  --------------
       2  _A_PAOUT_L
       2  _A_PBIFG_L
       2  _A_PCOUT_L
       2  _A_TB3CCR1_L
       2  _A_TB3CCR2_L
      50  motor1Count_interrupt
       2  motor1Count_interrupt::??INTVEC 46
       2  pulseCount
       1  pulseTrainsSent
       2  pulsesToSend
      32  sendPulseTrains
      58  sendTrains
      26  setMotor1
      26  setMotor2
       2  trainsDir
       2  trainsSent
       2  trainsToSend

 
 142 bytes in segment CODE
  10 bytes in segment DATA16_AN
  11 bytes in segment DATA16_Z
   2 bytes in segment INTVEC
  50 bytes in segment ISR_CODE
 
 192 bytes of CODE  memory
   0 bytes of CONST memory (+  2 bytes shared)
  11 bytes of DATA  memory (+ 10 bytes shared)

Errors: none
Warnings: 1
