###############################################################################
#
# IAR C/C++ Compiler V7.21.1.1000/W32 for MSP430          02/Oct/2022  18:16:06
# Copyright 1996-2021 IAR Systems AB.
# PC-locked license - IAR Embedded Workbench for MSP430, 8K KickStart Edition 7.21
#
#    __rt_version  =  3
#    __double_size =  32
#    __reg_r4      =  free
#    __reg_r5      =  free
#    __pic         =  no
#    __core        =  430X
#    __data_model  =  small
#    __code_model  =  large
#    Source file   =  
#        C:\Users\Ibrahim
#        Moghul\OneDrive\Documents\Programming\LaserController\Code\ports.c
#    Command line  =  
#        -f C:\Users\IBRAHI~1\AppData\Local\Temp\EWFBA2.tmp ("C:\Users\Ibrahim
#        Moghul\OneDrive\Documents\Programming\LaserController\Code\ports.c"
#        -lC "C:\Users\Ibrahim
#        Moghul\OneDrive\Documents\Programming\LaserController\Code\Debug\List"
#        -o "C:\Users\Ibrahim
#        Moghul\OneDrive\Documents\Programming\LaserController\Code\Debug\Obj"
#        --no_cse --no_unroll --no_inline --no_code_motion --no_tbaa --debug
#        -D__MSP430FR2355__ -e --double=32 --dlib_config "C:\Program Files
#        (x86)\IAR Systems\Embedded Workbench 8.5\430\lib\dlib\dl430xlsfn.h" -I
#        ./ --core=430X --data_model=small -On --multiplier=32
#        --hw_workaround=CPU40 --code_model=large)
#    Locale        =  English_USA.1252
#    List file     =  
#        C:\Users\Ibrahim
#        Moghul\OneDrive\Documents\Programming\LaserController\Code\Debug\List\ports.lst
#    Object file   =  
#        C:\Users\Ibrahim
#        Moghul\OneDrive\Documents\Programming\LaserController\Code\Debug\Obj\ports.r43
#
###############################################################################

C:\Users\Ibrahim Moghul\OneDrive\Documents\Programming\LaserController\Code\ports.c
      1          //==============================================================================
      2          // File Name : ports.c
      3          //
      4          // Description: This file contains the Initialization for all port pins
      5          //
      6          // Author: Ibrahim Moghul
      7          // Date: Feb 2022
      8          // Compiler: Built with IAR Embedded Workbench Version: 7.21.1
      9          //==============================================================================
     10          #include "ports.h"
     11          #include "msp430.h"

   \                                 In  segment DATA16_AN, at 0x202
   \   union <unnamed> _A_PAOUT_L
   \                     _A_PAOUT_L:
   \   000000                DS8 2

   \                                 In  segment DATA16_AN, at 0x204
   \   union <unnamed> _A_PADIR_L
   \                     _A_PADIR_L:
   \   000000                DS8 2

   \                                 In  segment DATA16_AN, at 0x206
   \   union <unnamed> _A_PAREN_L
   \                     _A_PAREN_L:
   \   000000                DS8 2

   \                                 In  segment DATA16_AN, at 0x20a
   \   union <unnamed> _A_PASEL0_L
   \                     _A_PASEL0_L:
   \   000000                DS8 2

   \                                 In  segment DATA16_AN, at 0x20c
   \   union <unnamed> _A_PASEL1_L
   \                     _A_PASEL1_L:
   \   000000                DS8 2

   \                                 In  segment DATA16_AN, at 0x216
   \   union <unnamed> _A_PASELC_L
   \                     _A_PASELC_L:
   \   000000                DS8 2

   \                                 In  segment DATA16_AN, at 0x218
   \   union <unnamed> _A_PAIES_L
   \                     _A_PAIES_L:
   \   000000                DS8 2

   \                                 In  segment DATA16_AN, at 0x21a
   \   union <unnamed> _A_PAIE_L
   \                     _A_PAIE_L:
   \   000000                DS8 2

   \                                 In  segment DATA16_AN, at 0x21c
   \   union <unnamed> _A_PAIFG_L
   \                     _A_PAIFG_L:
   \   000000                DS8 2

   \                                 In  segment DATA16_AN, at 0x222
   \   union <unnamed> _A_PBOUT_L
   \                     _A_PBOUT_L:
   \   000000                DS8 2

   \                                 In  segment DATA16_AN, at 0x224
   \   union <unnamed> _A_PBDIR_L
   \                     _A_PBDIR_L:
   \   000000                DS8 2

   \                                 In  segment DATA16_AN, at 0x226
   \   union <unnamed> _A_PBREN_L
   \                     _A_PBREN_L:
   \   000000                DS8 2

   \                                 In  segment DATA16_AN, at 0x22a
   \   union <unnamed> _A_PBSEL0_L
   \                     _A_PBSEL0_L:
   \   000000                DS8 2

   \                                 In  segment DATA16_AN, at 0x22c
   \   union <unnamed> _A_PBSEL1_L
   \                     _A_PBSEL1_L:
   \   000000                DS8 2

   \                                 In  segment DATA16_AN, at 0x238
   \   union <unnamed> _A_PBIES_L
   \                     _A_PBIES_L:
   \   000000                DS8 2

   \                                 In  segment DATA16_AN, at 0x23a
   \   union <unnamed> _A_PBIE_L
   \                     _A_PBIE_L:
   \   000000                DS8 2

   \                                 In  segment DATA16_AN, at 0x23c
   \   union <unnamed> _A_PBIFG_L
   \                     _A_PBIFG_L:
   \   000000                DS8 2

   \                                 In  segment DATA16_AN, at 0x242
   \   union <unnamed> _A_PCOUT_L
   \                     _A_PCOUT_L:
   \   000000                DS8 2

   \                                 In  segment DATA16_AN, at 0x244
   \   union <unnamed> _A_PCDIR_L
   \                     _A_PCDIR_L:
   \   000000                DS8 2

   \                                 In  segment DATA16_AN, at 0x24a
   \   union <unnamed> _A_PCSEL0_L
   \                     _A_PCSEL0_L:
   \   000000                DS8 2

   \                                 In  segment DATA16_AN, at 0x24c
   \   union <unnamed> _A_PCSEL1_L
   \                     _A_PCSEL1_L:
   \   000000                DS8 2
     12          
     13          //===========================================================================
     14          // Function name: Init_Ports
     15          //
     16          // Description: Initialize all ports
     17          //
     18          // Passed : no variables passed
     19          // Locals: no variables declared
     20          // Returned: no values returned
     21          // Globals: no global variables used
     22          //
     23          // Author: Ibrahim Moghul
     24          // Date: Feb 2022
     25          // Compiler: Built with IAR Embedded Workbench Version: (7.21.1)
     26          //===========================================================================

   \                                 In  segment CODE, align 2
     27          void Init_Ports(void) {
   \                     Init_Ports:
     28              Init_Port1();
   \   000000   ........     CALLA   #Init_Port1
     29              Init_Port2();
   \   000004   ........     CALLA   #Init_Port2
     30              Init_Port3(USE_GPIO);
   \   000008   4C43         MOV.B   #0x0, R12
   \   00000A   ........     CALLA   #Init_Port3
     31              Init_Port4();
   \   00000E   ........     CALLA   #Init_Port4
     32              Init_Port5();
   \   000012   ........     CALLA   #Init_Port5
     33              Init_Port6();
   \   000016   ........     CALLA   #Init_Port6
     34          }
   \   00001A   1001         RETA
     35          
     36          //===========================================================================
     37          // Function name: Init_Port1
     38          //
     39          // Description: Initialize all pins on port 1
     40          //
     41          // Passed : no variables passed
     42          // Locals: no variables declared
     43          // Returned: no values returned
     44          // Globals: no global variables used
     45          //
     46          // Author: Ibrahim Moghul
     47          // Date: Feb 2022
     48          // Compiler: Built with IAR Embedded Workbench Version: (7.21.1)
     49          //===========================================================================

   \                                 In  segment CODE, align 2
     50          void Init_Port1() {
   \                     Init_Port1:
     51              P1OUT = 0x00;
   \   000000   C2430202     MOV.B   #0x0, &0x202
     52              P1DIR = 0x00;
   \   000004   C2430402     MOV.B   #0x0, &0x204
     53          
     54              P1SEL0 &= ~RED_LED;
   \   000008   D2C30A02     BIC.B   #0x1, &0x20a
     55              P1SEL1 &= ~RED_LED;
   \   00000C   D2C30C02     BIC.B   #0x1, &0x20c
     56              P1DIR |= RED_LED;
   \   000010   D2D30402     BIS.B   #0x1, &0x204
     57              P1OUT &= ~RED_LED;
   \   000014   D2C30202     BIC.B   #0x1, &0x202
     58          
     59              //P1SEL0 |= A1_SEEED;
     60              //P1SEL1 |= A1_SEEED;
     61              P1SELC |= A1_SEEED;
   \   000018   E2D31602     BIS.B   #0x2, &0x216
     62              
     63              P1SEL0 &= ~P1_2;
   \   00001C   E2C20A02     BIC.B   #0x4, &0x20a
     64              P1SEL1 &= ~P1_2;
   \   000020   E2C20C02     BIC.B   #0x4, &0x20c
     65              P1DIR &= ~P1_2;
   \   000024   E2C20402     BIC.B   #0x4, &0x204
     66              
     67              P1SEL0 &= ~P1_3;
   \   000028   F2C20A02     BIC.B   #0x8, &0x20a
     68              P1SEL1 &= ~P1_3;
   \   00002C   F2C20C02     BIC.B   #0x8, &0x20c
     69              P1DIR &= ~P1_3;
   \   000030   F2C20402     BIC.B   #0x8, &0x204
     70          
     71              P1SEL0 &= ~P1_4;
   \   000034   F2C010000A02 BIC.B   #0x10, &0x20a
     72              P1SEL1 &= ~P1_4;
   \   00003A   F2C010000C02 BIC.B   #0x10, &0x20c
     73              P1DIR &= ~P1_4;
   \   000040   F2C010000402 BIC.B   #0x10, &0x204
     74          
     75              P1SEL0 &= ~P1_5;
   \   000046   F2C020000A02 BIC.B   #0x20, &0x20a
     76              P1SEL1 &= ~P1_5;
   \   00004C   F2C020000C02 BIC.B   #0x20, &0x20c
     77              P1DIR &= ~P1_5;
   \   000052   F2C020000402 BIC.B   #0x20, &0x204
     78          
     79              P1SEL1 &= ~UCA0RXD;
   \   000058   F2C040000C02 BIC.B   #0x40, &0x20c
     80              P1SEL0 |= UCA0RXD;
   \   00005E   F2D040000A02 BIS.B   #0x40, &0x20a
     81          
     82              P1SEL1 &= ~UCA0TXD;
   \   000064   F2C080000C02 BIC.B   #0x80, &0x20c
     83              P1SEL0 |= UCA0TXD;
   \   00006A   F2D080000A02 BIS.B   #0x80, &0x20a
     84          }
   \   000070   1001         RETA
   \   000072                REQUIRE _A_PAOUT_L
   \   000072                REQUIRE _A_PADIR_L
   \   000072                REQUIRE _A_PASEL0_L
   \   000072                REQUIRE _A_PASEL1_L
   \   000072                REQUIRE _A_PASELC_L
     85          
     86          //===========================================================================
     87          // Function name: Init_Port2
     88          //
     89          // Description: Initialize all pins on port 2
     90          //
     91          // Passed : no variables passed
     92          // Locals: no variables declared
     93          // Returned: no values returned
     94          // Globals: no global variables used
     95          //
     96          // Author: Ibrahim Moghul
     97          // Date: Feb 2022
     98          // Compiler: Built with IAR Embedded Workbench Version: (7.21.1)
     99          //===========================================================================

   \                                 In  segment CODE, align 2
    100          void Init_Port2() {
   \                     Init_Port2:
    101              P2OUT = 0x00;
   \   000000   C2430302     MOV.B   #0x0, &0x203
    102              P2DIR = 0x00;
   \   000004   C2430502     MOV.B   #0x0, &0x205
    103          
    104              P2SEL0 &= ~P2_0;
   \   000008   D2C30B02     BIC.B   #0x1, &0x20b
    105              P2SEL1 &= ~P2_0;
   \   00000C   D2C30D02     BIC.B   #0x1, &0x20d
    106              P2DIR &= ~P2_0;
   \   000010   D2C30502     BIC.B   #0x1, &0x205
    107          
    108              P2SEL0 &= ~P2_1;
   \   000014   E2C30B02     BIC.B   #0x2, &0x20b
    109              P2SEL1 &= ~P2_1;
   \   000018   E2C30D02     BIC.B   #0x2, &0x20d
    110              P2DIR &= ~P2_1;
   \   00001C   E2C30502     BIC.B   #0x2, &0x205
    111          
    112              P2SEL0 &= ~P2_2;
   \   000020   E2C20B02     BIC.B   #0x4, &0x20b
    113              P2SEL1 &= ~P2_2;
   \   000024   E2C20D02     BIC.B   #0x4, &0x20d
    114              P2DIR &= ~P2_2;
   \   000028   E2C20502     BIC.B   #0x4, &0x205
    115          
    116              P2SEL0 &= ~SW2;
   \   00002C   F2C20B02     BIC.B   #0x8, &0x20b
    117              P2SEL1 &= ~SW2;
   \   000030   F2C20D02     BIC.B   #0x8, &0x20d
    118              P2OUT |= SW2;
   \   000034   F2D20302     BIS.B   #0x8, &0x203
    119              P2DIR &= ~SW2;
   \   000038   F2C20502     BIC.B   #0x8, &0x205
    120              P2REN |= SW2;
   \   00003C   F2D20702     BIS.B   #0x8, &0x207
    121              P2IES |= SW2;
   \   000040   F2D21902     BIS.B   #0x8, &0x219
    122              P2IFG &= ~SW2;
   \   000044   F2C21D02     BIC.B   #0x8, &0x21d
    123              P2IE |= SW2;
   \   000048   F2D21B02     BIS.B   #0x8, &0x21b
    124          
    125              P2SEL0 &= ~P2_4;
   \   00004C   F2C010000B02 BIC.B   #0x10, &0x20b
    126              P2SEL1 &= ~P2_4;
   \   000052   F2C010000D02 BIC.B   #0x10, &0x20d
    127              P2DIR &= ~P2_4;
   \   000058   F2C010000502 BIC.B   #0x10, &0x205
    128          
    129              P2SEL0 &= ~P2_5;
   \   00005E   F2C020000B02 BIC.B   #0x20, &0x20b
    130              P2SEL1 &= ~P2_5;
   \   000064   F2C020000D02 BIC.B   #0x20, &0x20d
    131              P2DIR &= ~P2_5;
   \   00006A   F2C020000502 BIC.B   #0x20, &0x205
    132          
    133              P2SEL0 &= ~LFXOUT;
   \   000070   F2C040000B02 BIC.B   #0x40, &0x20b
    134              P2SEL1 |= LFXOUT;
   \   000076   F2D040000D02 BIS.B   #0x40, &0x20d
    135          
    136              P2SEL0 &= ~LFXIN;
   \   00007C   F2C080000B02 BIC.B   #0x80, &0x20b
    137              P2SEL1 |= LFXIN;
   \   000082   F2D080000D02 BIS.B   #0x80, &0x20d
    138          }
   \   000088   1001         RETA
   \   00008A                REQUIRE _A_PAOUT_L
   \   00008A                REQUIRE _A_PADIR_L
   \   00008A                REQUIRE _A_PASEL0_L
   \   00008A                REQUIRE _A_PASEL1_L
   \   00008A                REQUIRE _A_PAREN_L
   \   00008A                REQUIRE _A_PAIES_L
   \   00008A                REQUIRE _A_PAIFG_L
   \   00008A                REQUIRE _A_PAIE_L
    139          
    140          //===========================================================================
    141          // Function name: Init_Port3
    142          //
    143          // Description: Initialize all pins on port 3
    144          //
    145          // Passed : no variables passed
    146          // Locals: no variables declared
    147          // Returned: no values returned
    148          // Globals: no global variables used
    149          //
    150          // Author: Ibrahim Moghul
    151          // Date: Feb 2022
    152          // Compiler: Built with IAR Embedded Workbench Version: (7.21.1)
    153          //===========================================================================

   \                                 In  segment CODE, align 2
    154          void Init_Port3(char smclk) {
   \                     Init_Port3:
    155              P3OUT = 0x00;
   \   000000   C2432202     MOV.B   #0x0, &0x222
    156              P3DIR = 0x00;
   \   000004   C2432402     MOV.B   #0x0, &0x224
    157          
    158              P3SEL0 &= ~TEST_PROBE;
   \   000008   D2C32A02     BIC.B   #0x1, &0x22a
    159              P3SEL1 &= ~TEST_PROBE;
   \   00000C   D2C32C02     BIC.B   #0x1, &0x22c
    160              P3DIR &= ~TEST_PROBE;
   \   000010   D2C32402     BIC.B   #0x1, &0x224
    161          
    162              P3SEL0 &= ~P3_1;
   \   000014   E2C32A02     BIC.B   #0x2, &0x22a
    163              P3SEL1 &= ~P3_1;
   \   000018   E2C32C02     BIC.B   #0x2, &0x22c
    164              P3DIR &= ~P3_1;
   \   00001C   E2C32402     BIC.B   #0x2, &0x224
    165          
    166              P3SEL0 |= OA2N;
   \   000020   E2D22A02     BIS.B   #0x4, &0x22a
    167              P3SEL1 |= OA2N;
   \   000024   E2D22C02     BIS.B   #0x4, &0x22c
    168          
    169              P3SEL0 &= ~P3_3;
   \   000028   F2C22A02     BIC.B   #0x8, &0x22a
    170              P3SEL1 &= ~P3_3;
   \   00002C   F2C22C02     BIC.B   #0x8, &0x22c
    171              P3DIR &= ~P3_3;
   \   000030   F2C22402     BIC.B   #0x8, &0x224
    172          
    173              switch(smclk) {
   \   000034   4E4C         MOV.B   R12, R14
   \   000036   4E83         SUB.B   #0x0, R14
   \   000038   0C24         JEQ     ??Init_Port3_2
   \   00003A   5E83         SUB.B   #0x1, R14
   \   00003C   1320         JNE     ??Init_Port3_0
    174                  case(USE_SMCLK):
    175                      P3SEL0 |= SMCLK_2355;
   \   00003E   F2D010002A02 BIS.B   #0x10, &0x22a
    176                      P3SEL1 &= ~SMCLK_2355;
   \   000044   F2C010002C02 BIC.B   #0x10, &0x22c
    177                      P3DIR |= SMCLK_2355;
   \   00004A   F2D010002402 BIS.B   #0x10, &0x224
    178                      break;
   \   000050   093C         JMP     ??Init_Port3_0
    179          
    180                  case(USE_GPIO):
    181                      P3SEL0 &= ~SMCLK_2355;
   \                     ??Init_Port3_2:
   \   000052   F2C010002A02 BIC.B   #0x10, &0x22a
    182                      P3SEL1 &= ~SMCLK_2355;
   \   000058   F2C010002C02 BIC.B   #0x10, &0x22c
    183                      P3DIR &= ~SMCLK_2355;
   \   00005E   F2C010002402 BIC.B   #0x10, &0x224
    184                      break;
    185          
    186                  default:
    187                      break;
    188              }
    189          
    190              P3SEL0 &= ~P3_5;
   \                     ??Init_Port3_0:
   \   000064   F2C020002A02 BIC.B   #0x20, &0x22a
    191              P3SEL1 &= ~P3_5;
   \   00006A   F2C020002C02 BIC.B   #0x20, &0x22c
    192              P3DIR &= ~P3_5;
   \   000070   F2C020002402 BIC.B   #0x20, &0x224
    193          
    194              P3SEL0 &= ~P3_6;
   \   000076   F2C040002A02 BIC.B   #0x40, &0x22a
    195              P3SEL1 &= ~P3_6;
   \   00007C   F2C040002C02 BIC.B   #0x40, &0x22c
    196              P3DIR &= ~P3_6;
   \   000082   F2C040002402 BIC.B   #0x40, &0x224
    197              
    198              P3SEL0 &= ~P3_7;
   \   000088   F2C080002A02 BIC.B   #0x80, &0x22a
    199              P3SEL1 &= ~P3_7;
   \   00008E   F2C080002C02 BIC.B   #0x80, &0x22c
    200              P3DIR &= ~P3_7;
   \   000094   F2C080002402 BIC.B   #0x80, &0x224
    201          }
   \   00009A   1001         RETA
   \   00009C                REQUIRE _A_PBOUT_L
   \   00009C                REQUIRE _A_PBDIR_L
   \   00009C                REQUIRE _A_PBSEL0_L
   \   00009C                REQUIRE _A_PBSEL1_L
    202          
    203          //===========================================================================
    204          // Function name: Init_Port4
    205          //
    206          // Description: Initialize all pins on port 4
    207          //
    208          // Passed : no variables passed
    209          // Locals: no variables declared
    210          // Returned: no values returned
    211          // Globals: no global variables used
    212          //
    213          // Author: Ibrahim Moghul
    214          // Date: Feb 2022
    215          // Compiler: Built with IAR Embedded Workbench Version: (7.21.1)
    216          //===========================================================================

   \                                 In  segment CODE, align 2
    217          void Init_Port4() {
   \                     Init_Port4:
    218              P4OUT = 0x00;
   \   000000   C2432302     MOV.B   #0x0, &0x223
    219              P4DIR = 0x00;
   \   000004   C2432502     MOV.B   #0x0, &0x225
    220          
    221              P4SEL0 &= ~P4_0;
   \   000008   D2C32B02     BIC.B   #0x1, &0x22b
    222              P4SEL1 &= ~P4_0;
   \   00000C   D2C32D02     BIC.B   #0x1, &0x22d
    223              P4DIR &= ~P4_0;
   \   000010   D2C32502     BIC.B   #0x1, &0x225
    224          
    225              P4SEL0 &= ~SW1;
   \   000014   E2C32B02     BIC.B   #0x2, &0x22b
    226              P4SEL1 &= ~SW1;
   \   000018   E2C32D02     BIC.B   #0x2, &0x22d
    227              P4OUT |= SW1;
   \   00001C   E2D32302     BIS.B   #0x2, &0x223
    228              P4DIR &= ~SW1;
   \   000020   E2C32502     BIC.B   #0x2, &0x225
    229              P4REN |= SW1;
   \   000024   E2D32702     BIS.B   #0x2, &0x227
    230              P4IES |= SW1;
   \   000028   E2D33902     BIS.B   #0x2, &0x239
    231              P4IFG &= ~SW1;
   \   00002C   E2C33D02     BIC.B   #0x2, &0x23d
    232              P4IE |= SW1;
   \   000030   E2D33B02     BIS.B   #0x2, &0x23b
    233          
    234              P4SEL0 |= UCA1TXD;
   \   000034   F2D22B02     BIS.B   #0x8, &0x22b
    235              P4SEL1 &= ~UCA1TXD;
   \   000038   F2C22D02     BIC.B   #0x8, &0x22d
    236          
    237              P4SEL0 |= UCA1RXD;
   \   00003C   E2D22B02     BIS.B   #0x4, &0x22b
    238              P4SEL1 &= UCA1RXD;
   \   000040   E2F22D02     AND.B   #0x4, &0x22d
    239          
    240              P4SEL0 &= ~UCB1_CS_LCD;
   \   000044   F2C010002B02 BIC.B   #0x10, &0x22b
    241              P4SEL1 &= ~UCB1_CS_LCD;
   \   00004A   F2C010002D02 BIC.B   #0x10, &0x22d
    242              P4OUT |= UCB1_CS_LCD;
   \   000050   F2D010002302 BIS.B   #0x10, &0x223
    243              P4DIR |= UCB1_CS_LCD;
   \   000056   F2D010002502 BIS.B   #0x10, &0x225
    244          
    245              P4SEL0 |= UCB1CLK;
   \   00005C   F2D020002B02 BIS.B   #0x20, &0x22b
    246              P4SEL1 &= ~UCB1CLK;
   \   000062   F2C020002D02 BIC.B   #0x20, &0x22d
    247          
    248              P4SEL0 |= UCB1SIMO;
   \   000068   F2D040002B02 BIS.B   #0x40, &0x22b
    249              P4SEL1 &= ~UCB1SIMO;
   \   00006E   F2C040002D02 BIC.B   #0x40, &0x22d
    250          
    251              P4SEL0 |= UCB1SOMI;
   \   000074   F2D080002B02 BIS.B   #0x80, &0x22b
    252              P4SEL1 &= UCB1SOMI;
   \   00007A   F2F080002D02 AND.B   #0x80, &0x22d
    253          }
   \   000080   1001         RETA
   \   000082                REQUIRE _A_PBOUT_L
   \   000082                REQUIRE _A_PBDIR_L
   \   000082                REQUIRE _A_PBSEL0_L
   \   000082                REQUIRE _A_PBSEL1_L
   \   000082                REQUIRE _A_PBREN_L
   \   000082                REQUIRE _A_PBIES_L
   \   000082                REQUIRE _A_PBIFG_L
   \   000082                REQUIRE _A_PBIE_L
    254          
    255          
    256          //===========================================================================
    257          // Function name: Init_Port5
    258          //
    259          // Description: Initialize all pins on port 5
    260          //
    261          // Passed : no variables passed
    262          // Locals: no variables declared
    263          // Returned: no values returned
    264          // Globals: no global variables used
    265          //
    266          // Author: Ibrahim Moghul
    267          // Date: Feb 2022
    268          // Compiler: Built with IAR Embedded Workbench Version: (7.21.1)
    269          //===========================================================================

   \                                 In  segment CODE, align 2
    270          void Init_Port5() {
   \                     Init_Port5:
    271              P5OUT = 0x00;
   \   000000   C2434202     MOV.B   #0x0, &0x242
    272              P5DIR = 0x00;
   \   000004   C2434402     MOV.B   #0x0, &0x244
    273          
    274              P5SEL0 &= ~P5_0;
   \   000008   D2C34A02     BIC.B   #0x1, &0x24a
    275              P5SEL1 &= ~P5_0;
   \   00000C   D2C34C02     BIC.B   #0x1, &0x24c
    276              P5DIR &= ~P5_0;
   \   000010   D2C34402     BIC.B   #0x1, &0x244
    277          
    278              P5SEL0 &= ~P5_1;
   \   000014   E2C34A02     BIC.B   #0x2, &0x24a
    279              P5SEL1 &= ~P5_1;
   \   000018   E2C34C02     BIC.B   #0x2, &0x24c
    280              P5DIR &= ~P5_1;
   \   00001C   E2C34402     BIC.B   #0x2, &0x244
    281              
    282              P5SEL0 &= ~P5_2;
   \   000020   E2C24A02     BIC.B   #0x4, &0x24a
    283              P5SEL1 &= ~P5_2;
   \   000024   E2C24C02     BIC.B   #0x4, &0x24c
    284              P5DIR &= ~P5_2;
   \   000028   E2C24402     BIC.B   #0x4, &0x244
    285              
    286              P5SEL0 &= ~P5_3;
   \   00002C   F2C24A02     BIC.B   #0x8, &0x24a
    287              P5SEL1 &= ~P5_3;
   \   000030   F2C24C02     BIC.B   #0x8, &0x24c
    288              P5DIR &= ~P5_3;
   \   000034   F2C24402     BIC.B   #0x8, &0x244
    289          
    290              P5SEL0 &= ~P5_4;
   \   000038   F2C010004A02 BIC.B   #0x10, &0x24a
    291              P5SEL1 &= ~P5_4;
   \   00003E   F2C010004C02 BIC.B   #0x10, &0x24c
    292              P5DIR &= ~P5_4;
   \   000044   F2C010004402 BIC.B   #0x10, &0x244
    293          }
   \   00004A   1001         RETA
   \   00004C                REQUIRE _A_PCOUT_L
   \   00004C                REQUIRE _A_PCDIR_L
   \   00004C                REQUIRE _A_PCSEL0_L
   \   00004C                REQUIRE _A_PCSEL1_L
    294          
    295          //===========================================================================
    296          // Function name: Init_Port6
    297          //
    298          // Description: Initialize all pins on port 6
    299          //
    300          // Passed : no variables passed
    301          // Locals: no variables declared
    302          // Returned: no values returned
    303          // Globals: no global variables used
    304          //
    305          // Author: Ibrahim Moghul
    306          // Date: Feb 2022
    307          // Compiler: Built with IAR Embedded Workbench Version: (7.21.1)
    308          //===========================================================================

   \                                 In  segment CODE, align 2
    309          void Init_Port6() {
   \                     Init_Port6:
    310              P6OUT = 0x00;
   \   000000   C2434302     MOV.B   #0x0, &0x243
    311              P6DIR = 0x00;
   \   000004   C2434502     MOV.B   #0x0, &0x245
    312          
    313              P6SEL0 &= ~P6_0;
   \   000008   D2C34B02     BIC.B   #0x1, &0x24b
    314              P6SEL1 &= ~P6_0;
   \   00000C   D2C34D02     BIC.B   #0x1, &0x24d
    315              P6DIR &= ~P6_0;
   \   000010   D2C34502     BIC.B   #0x1, &0x245
    316              
    317              P6SEL0 &= ~P6_1;
   \   000014   E2C34B02     BIC.B   #0x2, &0x24b
    318              P6SEL1 &= ~P6_1;
   \   000018   E2C34D02     BIC.B   #0x2, &0x24d
    319              P6DIR &= ~P6_1;
   \   00001C   E2C34502     BIC.B   #0x2, &0x245
    320              
    321              P6SEL0 &= ~P6_2;
   \   000020   E2C24B02     BIC.B   #0x4, &0x24b
    322              P6SEL1 &= ~P6_2;
   \   000024   E2C24D02     BIC.B   #0x4, &0x24d
    323              P6DIR &= ~P6_2;
   \   000028   E2C24502     BIC.B   #0x4, &0x245
    324              
    325              P6SEL0 &= ~P6_3;
   \   00002C   F2C24B02     BIC.B   #0x8, &0x24b
    326              P6SEL1 &= ~P6_3;
   \   000030   F2C24D02     BIC.B   #0x8, &0x24d
    327              P6DIR &= ~P6_3;
   \   000034   F2C24502     BIC.B   #0x8, &0x245
    328              
    329              P6SEL0 &= ~P6_4;
   \   000038   F2C010004B02 BIC.B   #0x10, &0x24b
    330              P6SEL1 &= ~P6_4;
   \   00003E   F2C010004D02 BIC.B   #0x10, &0x24d
    331              P6DIR &= ~P6_4;
   \   000044   F2C010004502 BIC.B   #0x10, &0x245
    332          
    333              P6SEL0 &= ~P6_5;
   \   00004A   F2C020004B02 BIC.B   #0x20, &0x24b
    334              P6SEL1 &= ~P6_5;
   \   000050   F2C020004D02 BIC.B   #0x20, &0x24d
    335              P6DIR &= ~P6_5;
   \   000056   F2C020004502 BIC.B   #0x20, &0x245
    336          
    337              P6SEL0 &= ~GRN_LED;
   \   00005C   F2C040004B02 BIC.B   #0x40, &0x24b
    338              P6SEL1 &= ~GRN_LED;
   \   000062   F2C040004D02 BIC.B   #0x40, &0x24d
    339              P6DIR |= GRN_LED;
   \   000068   F2D040004502 BIS.B   #0x40, &0x245
    340              P6OUT &= ~GRN_LED;
   \   00006E   F2C040004302 BIC.B   #0x40, &0x243
    341          }
   \   000074   1001         RETA
   \   000076                REQUIRE _A_PCOUT_L
   \   000076                REQUIRE _A_PCDIR_L
   \   000076                REQUIRE _A_PCSEL0_L
   \   000076                REQUIRE _A_PCSEL1_L

   Maximum stack usage in bytes:

   CSTACK Function
   ------ --------
      4   Init_Port1
      4   Init_Port2
      4   Init_Port3
      4   Init_Port4
      4   Init_Port5
      4   Init_Port6
      4   Init_Ports
        4   -> Init_Port1
        4   -> Init_Port2
        4   -> Init_Port3
        4   -> Init_Port4
        4   -> Init_Port5
        4   -> Init_Port6


   Segment part sizes:

   Bytes  Function/Label
   -----  --------------
     114  Init_Port1
     138  Init_Port2
     156  Init_Port3
     130  Init_Port4
      76  Init_Port5
     118  Init_Port6
      28  Init_Ports
       2  _A_PADIR_L
       2  _A_PAIES_L
       2  _A_PAIE_L
       2  _A_PAIFG_L
       2  _A_PAOUT_L
       2  _A_PAREN_L
       2  _A_PASEL0_L
       2  _A_PASEL1_L
       2  _A_PASELC_L
       2  _A_PBDIR_L
       2  _A_PBIES_L
       2  _A_PBIE_L
       2  _A_PBIFG_L
       2  _A_PBOUT_L
       2  _A_PBREN_L
       2  _A_PBSEL0_L
       2  _A_PBSEL1_L
       2  _A_PCDIR_L
       2  _A_PCOUT_L
       2  _A_PCSEL0_L
       2  _A_PCSEL1_L

 
 760 bytes in segment CODE
  42 bytes in segment DATA16_AN
 
 760 bytes of CODE memory
   0 bytes of DATA memory (+ 42 bytes shared)

Errors: none
Warnings: none
