###############################################################################
#
# IAR C/C++ Compiler V7.21.1.1000/W32 for MSP430          17/Oct/2022  10:12:06
# Copyright 1996-2021 IAR Systems AB.
# PC-locked license - IAR Embedded Workbench for MSP430, 8K KickStart Edition 7.21
#
#    __rt_version  =  3
#    __double_size =  32
#    __reg_r4      =  free
#    __reg_r5      =  free
#    __pic         =  no
#    __core        =  430X
#    __data_model  =  small
#    __code_model  =  large
#    Source file   =  
#        C:\Users\Ibrahim
#        Moghul\OneDrive\Documents\Programming\LaserController\Code\ports.c
#    Command line  =  
#        -f C:\Users\IBRAHI~1\AppData\Local\Temp\EW5E55.tmp ("C:\Users\Ibrahim
#        Moghul\OneDrive\Documents\Programming\LaserController\Code\ports.c"
#        -lC "C:\Users\Ibrahim
#        Moghul\OneDrive\Documents\Programming\LaserController\Code\Debug\List"
#        -o "C:\Users\Ibrahim
#        Moghul\OneDrive\Documents\Programming\LaserController\Code\Debug\Obj"
#        --no_cse --no_unroll --no_inline --no_code_motion --no_tbaa --debug
#        -D__MSP430FR2355__ -e --double=32 --dlib_config "C:\Program Files
#        (x86)\IAR Systems\Embedded Workbench 8.5\430\lib\dlib\dl430xlsfn.h" -I
#        ./ --core=430X --data_model=small -On --multiplier=32
#        --hw_workaround=CPU40 --code_model=large)
#    Locale        =  English_USA.1252
#    List file     =  
#        C:\Users\Ibrahim
#        Moghul\OneDrive\Documents\Programming\LaserController\Code\Debug\List\ports.lst
#    Object file   =  
#        C:\Users\Ibrahim
#        Moghul\OneDrive\Documents\Programming\LaserController\Code\Debug\Obj\ports.r43
#
###############################################################################

C:\Users\Ibrahim Moghul\OneDrive\Documents\Programming\LaserController\Code\ports.c
      1          //==============================================================================
      2          // File Name : ports.c
      3          //
      4          // Description: This file contains the Initialization for all port pins
      5          //
      6          // Author: Ibrahim Moghul
      7          // Date: Feb 2022
      8          // Compiler: Built with IAR Embedded Workbench Version: 7.21.1
      9          //==============================================================================
     10          #include "ports.h"
     11          #include "msp430.h"

   \                                 In  segment DATA16_AN, at 0x202
   \   union <unnamed> _A_PAOUT_L
   \                     _A_PAOUT_L:
   \   000000                DS8 2

   \                                 In  segment DATA16_AN, at 0x204
   \   union <unnamed> _A_PADIR_L
   \                     _A_PADIR_L:
   \   000000                DS8 2

   \                                 In  segment DATA16_AN, at 0x206
   \   union <unnamed> _A_PAREN_L
   \                     _A_PAREN_L:
   \   000000                DS8 2

   \                                 In  segment DATA16_AN, at 0x20a
   \   union <unnamed> _A_PASEL0_L
   \                     _A_PASEL0_L:
   \   000000                DS8 2

   \                                 In  segment DATA16_AN, at 0x20c
   \   union <unnamed> _A_PASEL1_L
   \                     _A_PASEL1_L:
   \   000000                DS8 2

   \                                 In  segment DATA16_AN, at 0x216
   \   union <unnamed> _A_PASELC_L
   \                     _A_PASELC_L:
   \   000000                DS8 2

   \                                 In  segment DATA16_AN, at 0x218
   \   union <unnamed> _A_PAIES_L
   \                     _A_PAIES_L:
   \   000000                DS8 2

   \                                 In  segment DATA16_AN, at 0x21a
   \   union <unnamed> _A_PAIE_L
   \                     _A_PAIE_L:
   \   000000                DS8 2

   \                                 In  segment DATA16_AN, at 0x21c
   \   union <unnamed> _A_PAIFG_L
   \                     _A_PAIFG_L:
   \   000000                DS8 2

   \                                 In  segment DATA16_AN, at 0x222
   \   union <unnamed> _A_PBOUT_L
   \                     _A_PBOUT_L:
   \   000000                DS8 2

   \                                 In  segment DATA16_AN, at 0x224
   \   union <unnamed> _A_PBDIR_L
   \                     _A_PBDIR_L:
   \   000000                DS8 2

   \                                 In  segment DATA16_AN, at 0x226
   \   union <unnamed> _A_PBREN_L
   \                     _A_PBREN_L:
   \   000000                DS8 2

   \                                 In  segment DATA16_AN, at 0x22a
   \   union <unnamed> _A_PBSEL0_L
   \                     _A_PBSEL0_L:
   \   000000                DS8 2

   \                                 In  segment DATA16_AN, at 0x22c
   \   union <unnamed> _A_PBSEL1_L
   \                     _A_PBSEL1_L:
   \   000000                DS8 2

   \                                 In  segment DATA16_AN, at 0x238
   \   union <unnamed> _A_PBIES_L
   \                     _A_PBIES_L:
   \   000000                DS8 2

   \                                 In  segment DATA16_AN, at 0x23a
   \   union <unnamed> _A_PBIE_L
   \                     _A_PBIE_L:
   \   000000                DS8 2

   \                                 In  segment DATA16_AN, at 0x23c
   \   union <unnamed> _A_PBIFG_L
   \                     _A_PBIFG_L:
   \   000000                DS8 2

   \                                 In  segment DATA16_AN, at 0x242
   \   union <unnamed> _A_PCOUT_L
   \                     _A_PCOUT_L:
   \   000000                DS8 2

   \                                 In  segment DATA16_AN, at 0x244
   \   union <unnamed> _A_PCDIR_L
   \                     _A_PCDIR_L:
   \   000000                DS8 2

   \                                 In  segment DATA16_AN, at 0x24a
   \   union <unnamed> _A_PCSEL0_L
   \                     _A_PCSEL0_L:
   \   000000                DS8 2

   \                                 In  segment DATA16_AN, at 0x24c
   \   union <unnamed> _A_PCSEL1_L
   \                     _A_PCSEL1_L:
   \   000000                DS8 2
     12          
     13          //===========================================================================
     14          // Function name: Init_Ports
     15          //
     16          // Description: Initialize all ports
     17          //
     18          // Passed : no variables passed
     19          // Locals: no variables declared
     20          // Returned: no values returned
     21          // Globals: no global variables used
     22          //
     23          // Author: Ibrahim Moghul
     24          // Date: Feb 2022
     25          // Compiler: Built with IAR Embedded Workbench Version: (7.21.1)
     26          //===========================================================================

   \                                 In  segment CODE, align 2
     27          void Init_Ports(void) {
   \                     Init_Ports:
     28              Init_Port1();
   \   000000   ........     CALLA   #Init_Port1
     29              Init_Port2();
   \   000004   ........     CALLA   #Init_Port2
     30              Init_Port3(USE_GPIO);
   \   000008   4C43         MOV.B   #0x0, R12
   \   00000A   ........     CALLA   #Init_Port3
     31              Init_Port4();
   \   00000E   ........     CALLA   #Init_Port4
     32              Init_Port5();
   \   000012   ........     CALLA   #Init_Port5
     33              Init_Port6();
   \   000016   ........     CALLA   #Init_Port6
     34          }
   \   00001A   1001         RETA
     35          
     36          //===========================================================================
     37          // Function name: Init_Port1
     38          //
     39          // Description: Initialize all pins on port 1
     40          //
     41          // Passed : no variables passed
     42          // Locals: no variables declared
     43          // Returned: no values returned
     44          // Globals: no global variables used
     45          //
     46          // Author: Ibrahim Moghul
     47          // Date: Feb 2022
     48          // Compiler: Built with IAR Embedded Workbench Version: (7.21.1)
     49          //===========================================================================

   \                                 In  segment CODE, align 2
     50          void Init_Port1() {
   \                     Init_Port1:
     51              P1OUT = 0x00;
   \   000000   C2430202     MOV.B   #0x0, &0x202
     52              P1DIR = 0x00;
   \   000004   C2430402     MOV.B   #0x0, &0x204
     53          
     54              P1SEL0 &= ~RED_LED;
   \   000008   D2C30A02     BIC.B   #0x1, &0x20a
     55              P1SEL1 &= ~RED_LED;
   \   00000C   D2C30C02     BIC.B   #0x1, &0x20c
     56              P1DIR |= RED_LED;
   \   000010   D2D30402     BIS.B   #0x1, &0x204
     57              P1OUT &= ~RED_LED;
   \   000014   D2C30202     BIC.B   #0x1, &0x202
     58          
     59              //P1SEL0 |= A1_SEEED;
     60              //P1SEL1 |= A1_SEEED;
     61              P1SELC |= A1_SEEED;
   \   000018   E2D31602     BIS.B   #0x2, &0x216
     62              
     63              P1SEL0 &= ~MOTOR_ENABLE_P;
   \   00001C   E2C20A02     BIC.B   #0x4, &0x20a
     64              P1SEL1 &= ~MOTOR_ENABLE_P;
   \   000020   E2C20C02     BIC.B   #0x4, &0x20c
     65              P1DIR |= MOTOR_ENABLE_P;
   \   000024   E2D20402     BIS.B   #0x4, &0x204
     66              P1OUT &= ~MOTOR_ENABLE_P;
   \   000028   E2C20202     BIC.B   #0x4, &0x202
     67              
     68              P1SEL0 &= ~MOTOR_ENABLE_N;
   \   00002C   F2C20A02     BIC.B   #0x8, &0x20a
     69              P1SEL1 &= ~MOTOR_ENABLE_N;
   \   000030   F2C20C02     BIC.B   #0x8, &0x20c
     70              P1DIR |= MOTOR_ENABLE_N;
   \   000034   F2D20402     BIS.B   #0x8, &0x204
     71              P1OUT &= ~MOTOR_ENABLE_N;
   \   000038   F2C20202     BIC.B   #0x8, &0x202
     72              
     73              P1SEL0 &= ~MOTOR_DIR_P;
   \   00003C   F2C010000A02 BIC.B   #0x10, &0x20a
     74              P1SEL1 &= ~MOTOR_DIR_P;
   \   000042   F2C010000C02 BIC.B   #0x10, &0x20c
     75              P1DIR |= MOTOR_DIR_P;
   \   000048   F2D010000402 BIS.B   #0x10, &0x204
     76              P1OUT &= ~MOTOR_DIR_P;
   \   00004E   F2C010000202 BIC.B   #0x10, &0x202
     77          
     78              P1SEL0 &= ~MOTOR_DIR_N;
   \   000054   F2C020000A02 BIC.B   #0x20, &0x20a
     79              P1SEL1 &= ~MOTOR_DIR_N;
   \   00005A   F2C020000C02 BIC.B   #0x20, &0x20c
     80              P1DIR |= MOTOR_DIR_N;
   \   000060   F2D020000402 BIS.B   #0x20, &0x204
     81              P1OUT &= ~MOTOR_DIR_N;
   \   000066   F2C020000202 BIC.B   #0x20, &0x202
     82          
     83              P1SEL1 &= ~UCA0RXD;
   \   00006C   F2C040000C02 BIC.B   #0x40, &0x20c
     84              P1SEL0 |= UCA0RXD;
   \   000072   F2D040000A02 BIS.B   #0x40, &0x20a
     85          
     86              P1SEL1 &= ~UCA0TXD;
   \   000078   F2C080000C02 BIC.B   #0x80, &0x20c
     87              P1SEL0 |= UCA0TXD;
   \   00007E   F2D080000A02 BIS.B   #0x80, &0x20a
     88          }
   \   000084   1001         RETA
   \   000086                REQUIRE _A_PAOUT_L
   \   000086                REQUIRE _A_PADIR_L
   \   000086                REQUIRE _A_PASEL0_L
   \   000086                REQUIRE _A_PASEL1_L
   \   000086                REQUIRE _A_PASELC_L
     89          
     90          //===========================================================================
     91          // Function name: Init_Port2
     92          //
     93          // Description: Initialize all pins on port 2
     94          //
     95          // Passed : no variables passed
     96          // Locals: no variables declared
     97          // Returned: no values returned
     98          // Globals: no global variables used
     99          //
    100          // Author: Ibrahim Moghul
    101          // Date: Feb 2022
    102          // Compiler: Built with IAR Embedded Workbench Version: (7.21.1)
    103          //===========================================================================

   \                                 In  segment CODE, align 2
    104          void Init_Port2() {
   \                     Init_Port2:
    105              P2OUT = 0x00;
   \   000000   C2430302     MOV.B   #0x0, &0x203
    106              P2DIR = 0x00;
   \   000004   C2430502     MOV.B   #0x0, &0x205
    107          
    108              P2SEL0 &= ~P2_0;
   \   000008   D2C30B02     BIC.B   #0x1, &0x20b
    109              P2SEL1 &= ~P2_0;
   \   00000C   D2C30D02     BIC.B   #0x1, &0x20d
    110              P2DIR &= ~P2_0;
   \   000010   D2C30502     BIC.B   #0x1, &0x205
    111              
    112              P2SEL0 &= ~P2_1;
   \   000014   E2C30B02     BIC.B   #0x2, &0x20b
    113              P2SEL1 &= ~P2_1;
   \   000018   E2C30D02     BIC.B   #0x2, &0x20d
    114              P2DIR &= ~P2_1;
   \   00001C   E2C30502     BIC.B   #0x2, &0x205
    115          
    116              P2SEL0 &= ~P2_2;
   \   000020   E2C20B02     BIC.B   #0x4, &0x20b
    117              P2SEL1 &= ~P2_2;
   \   000024   E2C20D02     BIC.B   #0x4, &0x20d
    118              P2DIR &= ~P2_2;
   \   000028   E2C20502     BIC.B   #0x4, &0x205
    119          
    120              P2SEL0 &= ~SW2;
   \   00002C   F2C20B02     BIC.B   #0x8, &0x20b
    121              P2SEL1 &= ~SW2;
   \   000030   F2C20D02     BIC.B   #0x8, &0x20d
    122              P2OUT |= SW2;
   \   000034   F2D20302     BIS.B   #0x8, &0x203
    123              P2DIR &= ~SW2;
   \   000038   F2C20502     BIC.B   #0x8, &0x205
    124              P2REN |= SW2;
   \   00003C   F2D20702     BIS.B   #0x8, &0x207
    125              P2IES |= SW2;
   \   000040   F2D21902     BIS.B   #0x8, &0x219
    126              P2IFG &= ~SW2;
   \   000044   F2C21D02     BIC.B   #0x8, &0x21d
    127              P2IE |= SW2;
   \   000048   F2D21B02     BIS.B   #0x8, &0x21b
    128          
    129              P2SEL0 &= ~P2_4;
   \   00004C   F2C010000B02 BIC.B   #0x10, &0x20b
    130              P2SEL1 &= ~P2_4;
   \   000052   F2C010000D02 BIC.B   #0x10, &0x20d
    131              P2DIR &= ~P2_4;
   \   000058   F2C010000502 BIC.B   #0x10, &0x205
    132          
    133              P2SEL0 &= ~P2_5;
   \   00005E   F2C020000B02 BIC.B   #0x20, &0x20b
    134              P2SEL1 &= ~P2_5;
   \   000064   F2C020000D02 BIC.B   #0x20, &0x20d
    135              P2DIR &= ~P2_5;
   \   00006A   F2C020000502 BIC.B   #0x20, &0x205
    136          
    137              P2SEL0 &= ~LFXOUT;
   \   000070   F2C040000B02 BIC.B   #0x40, &0x20b
    138              P2SEL1 |= LFXOUT;
   \   000076   F2D040000D02 BIS.B   #0x40, &0x20d
    139          
    140              P2SEL0 &= ~LFXIN;
   \   00007C   F2C080000B02 BIC.B   #0x80, &0x20b
    141              P2SEL1 |= LFXIN;
   \   000082   F2D080000D02 BIS.B   #0x80, &0x20d
    142          }
   \   000088   1001         RETA
   \   00008A                REQUIRE _A_PAOUT_L
   \   00008A                REQUIRE _A_PADIR_L
   \   00008A                REQUIRE _A_PASEL0_L
   \   00008A                REQUIRE _A_PASEL1_L
   \   00008A                REQUIRE _A_PAREN_L
   \   00008A                REQUIRE _A_PAIES_L
   \   00008A                REQUIRE _A_PAIFG_L
   \   00008A                REQUIRE _A_PAIE_L
    143          
    144          //===========================================================================
    145          // Function name: Init_Port3
    146          //
    147          // Description: Initialize all pins on port 3
    148          //
    149          // Passed : no variables passed
    150          // Locals: no variables declared
    151          // Returned: no values returned
    152          // Globals: no global variables used
    153          //
    154          // Author: Ibrahim Moghul
    155          // Date: Feb 2022
    156          // Compiler: Built with IAR Embedded Workbench Version: (7.21.1)
    157          //===========================================================================

   \                                 In  segment CODE, align 2
    158          void Init_Port3(char smclk) {
   \                     Init_Port3:
    159              P3OUT = 0x00;
   \   000000   C2432202     MOV.B   #0x0, &0x222
    160              P3DIR = 0x00;
   \   000004   C2432402     MOV.B   #0x0, &0x224
    161          
    162              P3SEL0 &= ~TEST_PROBE;
   \   000008   D2C32A02     BIC.B   #0x1, &0x22a
    163              P3SEL1 &= ~TEST_PROBE;
   \   00000C   D2C32C02     BIC.B   #0x1, &0x22c
    164              P3DIR &= ~TEST_PROBE;
   \   000010   D2C32402     BIC.B   #0x1, &0x224
    165          
    166              P3SEL0 &= ~P3_1;
   \   000014   E2C32A02     BIC.B   #0x2, &0x22a
    167              P3SEL1 &= ~P3_1;
   \   000018   E2C32C02     BIC.B   #0x2, &0x22c
    168              P3DIR &= ~P3_1;
   \   00001C   E2C32402     BIC.B   #0x2, &0x224
    169          
    170              P3SEL0 |= OA2N;
   \   000020   E2D22A02     BIS.B   #0x4, &0x22a
    171              P3SEL1 |= OA2N;
   \   000024   E2D22C02     BIS.B   #0x4, &0x22c
    172          
    173              P3SEL0 &= ~P3_3;
   \   000028   F2C22A02     BIC.B   #0x8, &0x22a
    174              P3SEL1 &= ~P3_3;
   \   00002C   F2C22C02     BIC.B   #0x8, &0x22c
    175              P3DIR &= ~P3_3;
   \   000030   F2C22402     BIC.B   #0x8, &0x224
    176          
    177              switch(smclk) {
   \   000034   4E4C         MOV.B   R12, R14
   \   000036   4E83         SUB.B   #0x0, R14
   \   000038   0C24         JEQ     ??Init_Port3_2
   \   00003A   5E83         SUB.B   #0x1, R14
   \   00003C   1320         JNE     ??Init_Port3_0
    178                  case(USE_SMCLK):
    179                      P3SEL0 |= SMCLK_2355;
   \   00003E   F2D010002A02 BIS.B   #0x10, &0x22a
    180                      P3SEL1 &= ~SMCLK_2355;
   \   000044   F2C010002C02 BIC.B   #0x10, &0x22c
    181                      P3DIR |= SMCLK_2355;
   \   00004A   F2D010002402 BIS.B   #0x10, &0x224
    182                      break;
   \   000050   093C         JMP     ??Init_Port3_0
    183          
    184                  case(USE_GPIO):
    185                      P3SEL0 &= ~SMCLK_2355;
   \                     ??Init_Port3_2:
   \   000052   F2C010002A02 BIC.B   #0x10, &0x22a
    186                      P3SEL1 &= ~SMCLK_2355;
   \   000058   F2C010002C02 BIC.B   #0x10, &0x22c
    187                      P3DIR &= ~SMCLK_2355;
   \   00005E   F2C010002402 BIC.B   #0x10, &0x224
    188                      break;
    189          
    190                  default:
    191                      break;
    192              }
    193          
    194              P3SEL0 &= ~P3_5;
   \                     ??Init_Port3_0:
   \   000064   F2C020002A02 BIC.B   #0x20, &0x22a
    195              P3SEL1 &= ~P3_5;
   \   00006A   F2C020002C02 BIC.B   #0x20, &0x22c
    196              P3DIR &= ~P3_5;
   \   000070   F2C020002402 BIC.B   #0x20, &0x224
    197          
    198              P3SEL0 &= ~MOTOR1_P_COUNT;
   \   000076   F2C040002A02 BIC.B   #0x40, &0x22a
    199              P3SEL1 &= ~MOTOR1_P_COUNT;
   \   00007C   F2C040002C02 BIC.B   #0x40, &0x22c
    200              P3OUT |= MOTOR1_P_COUNT;
   \   000082   F2D040002202 BIS.B   #0x40, &0x222
    201              P3DIR &= ~MOTOR1_P_COUNT;
   \   000088   F2C040002402 BIC.B   #0x40, &0x224
    202              P3REN |= MOTOR1_P_COUNT;
   \   00008E   F2D040002602 BIS.B   #0x40, &0x226
    203              P3IES |= MOTOR1_P_COUNT;
   \   000094   F2D040003802 BIS.B   #0x40, &0x238
    204              P3IFG &= ~MOTOR1_P_COUNT;
   \   00009A   F2C040003C02 BIC.B   #0x40, &0x23c
    205              P3IE |= MOTOR1_P_COUNT;
   \   0000A0   F2D040003A02 BIS.B   #0x40, &0x23a
    206              
    207              P3SEL0 &= ~MOTOR1_N_COUNT;
   \   0000A6   F2C080002A02 BIC.B   #0x80, &0x22a
    208              P3SEL1 &= ~MOTOR1_N_COUNT;
   \   0000AC   F2C080002C02 BIC.B   #0x80, &0x22c
    209              P3OUT |= MOTOR1_N_COUNT;
   \   0000B2   F2D080002202 BIS.B   #0x80, &0x222
    210              P3DIR &= ~MOTOR1_N_COUNT;
   \   0000B8   F2C080002402 BIC.B   #0x80, &0x224
    211              P3REN |= MOTOR1_N_COUNT;
   \   0000BE   F2D080002602 BIS.B   #0x80, &0x226
    212              P3IES |= MOTOR1_N_COUNT;
   \   0000C4   F2D080003802 BIS.B   #0x80, &0x238
    213              P3IFG &= ~MOTOR1_N_COUNT;
   \   0000CA   F2C080003C02 BIC.B   #0x80, &0x23c
    214              P3IE |= MOTOR1_N_COUNT;
   \   0000D0   F2D080003A02 BIS.B   #0x80, &0x23a
    215          }
   \   0000D6   1001         RETA
   \   0000D8                REQUIRE _A_PBOUT_L
   \   0000D8                REQUIRE _A_PBDIR_L
   \   0000D8                REQUIRE _A_PBSEL0_L
   \   0000D8                REQUIRE _A_PBSEL1_L
   \   0000D8                REQUIRE _A_PBREN_L
   \   0000D8                REQUIRE _A_PBIES_L
   \   0000D8                REQUIRE _A_PBIFG_L
   \   0000D8                REQUIRE _A_PBIE_L
    216          
    217          //===========================================================================
    218          // Function name: Init_Port4
    219          //
    220          // Description: Initialize all pins on port 4
    221          //
    222          // Passed : no variables passed
    223          // Locals: no variables declared
    224          // Returned: no values returned
    225          // Globals: no global variables used
    226          //
    227          // Author: Ibrahim Moghul
    228          // Date: Feb 2022
    229          // Compiler: Built with IAR Embedded Workbench Version: (7.21.1)
    230          //===========================================================================

   \                                 In  segment CODE, align 2
    231          void Init_Port4() {
   \                     Init_Port4:
    232              P4OUT = 0x00;
   \   000000   C2432302     MOV.B   #0x0, &0x223
    233              P4DIR = 0x00;
   \   000004   C2432502     MOV.B   #0x0, &0x225
    234          
    235              P4SEL0 &= ~P4_0;
   \   000008   D2C32B02     BIC.B   #0x1, &0x22b
    236              P4SEL1 &= ~P4_0;
   \   00000C   D2C32D02     BIC.B   #0x1, &0x22d
    237              P4DIR &= ~P4_0;
   \   000010   D2C32502     BIC.B   #0x1, &0x225
    238          
    239              P4SEL0 &= ~SW1;
   \   000014   E2C32B02     BIC.B   #0x2, &0x22b
    240              P4SEL1 &= ~SW1;
   \   000018   E2C32D02     BIC.B   #0x2, &0x22d
    241              P4OUT |= SW1;
   \   00001C   E2D32302     BIS.B   #0x2, &0x223
    242              P4DIR &= ~SW1;
   \   000020   E2C32502     BIC.B   #0x2, &0x225
    243              P4REN |= SW1;
   \   000024   E2D32702     BIS.B   #0x2, &0x227
    244              P4IES |= SW1;
   \   000028   E2D33902     BIS.B   #0x2, &0x239
    245              P4IFG &= ~SW1;
   \   00002C   E2C33D02     BIC.B   #0x2, &0x23d
    246              P4IE |= SW1;
   \   000030   E2D33B02     BIS.B   #0x2, &0x23b
    247          
    248              P4SEL0 |= UCA1TXD;
   \   000034   F2D22B02     BIS.B   #0x8, &0x22b
    249              P4SEL1 &= ~UCA1TXD;
   \   000038   F2C22D02     BIC.B   #0x8, &0x22d
    250          
    251              P4SEL0 |= UCA1RXD;
   \   00003C   E2D22B02     BIS.B   #0x4, &0x22b
    252              P4SEL1 &= UCA1RXD;
   \   000040   E2F22D02     AND.B   #0x4, &0x22d
    253          
    254              P4SEL0 &= ~UCB1_CS_LCD;
   \   000044   F2C010002B02 BIC.B   #0x10, &0x22b
    255              P4SEL1 &= ~UCB1_CS_LCD;
   \   00004A   F2C010002D02 BIC.B   #0x10, &0x22d
    256              P4OUT |= UCB1_CS_LCD;
   \   000050   F2D010002302 BIS.B   #0x10, &0x223
    257              P4DIR |= UCB1_CS_LCD;
   \   000056   F2D010002502 BIS.B   #0x10, &0x225
    258          
    259              P4SEL0 |= UCB1CLK;
   \   00005C   F2D020002B02 BIS.B   #0x20, &0x22b
    260              P4SEL1 &= ~UCB1CLK;
   \   000062   F2C020002D02 BIC.B   #0x20, &0x22d
    261          
    262              P4SEL0 |= UCB1SIMO;
   \   000068   F2D040002B02 BIS.B   #0x40, &0x22b
    263              P4SEL1 &= ~UCB1SIMO;
   \   00006E   F2C040002D02 BIC.B   #0x40, &0x22d
    264          
    265              P4SEL0 |= UCB1SOMI;
   \   000074   F2D080002B02 BIS.B   #0x80, &0x22b
    266              P4SEL1 &= UCB1SOMI;
   \   00007A   F2F080002D02 AND.B   #0x80, &0x22d
    267          }
   \   000080   1001         RETA
   \   000082                REQUIRE _A_PBOUT_L
   \   000082                REQUIRE _A_PBDIR_L
   \   000082                REQUIRE _A_PBSEL0_L
   \   000082                REQUIRE _A_PBSEL1_L
   \   000082                REQUIRE _A_PBREN_L
   \   000082                REQUIRE _A_PBIES_L
   \   000082                REQUIRE _A_PBIFG_L
   \   000082                REQUIRE _A_PBIE_L
    268          
    269          
    270          //===========================================================================
    271          // Function name: Init_Port5
    272          //
    273          // Description: Initialize all pins on port 5
    274          //
    275          // Passed : no variables passed
    276          // Locals: no variables declared
    277          // Returned: no values returned
    278          // Globals: no global variables used
    279          //
    280          // Author: Ibrahim Moghul
    281          // Date: Feb 2022
    282          // Compiler: Built with IAR Embedded Workbench Version: (7.21.1)
    283          //===========================================================================

   \                                 In  segment CODE, align 2
    284          void Init_Port5() {
   \                     Init_Port5:
    285              P5OUT = 0x00;
   \   000000   C2434202     MOV.B   #0x0, &0x242
    286              P5DIR = 0x00;
   \   000004   C2434402     MOV.B   #0x0, &0x244
    287          
    288              P5SEL0 &= ~P5_0;
   \   000008   D2C34A02     BIC.B   #0x1, &0x24a
    289              P5SEL1 &= ~P5_0;
   \   00000C   D2C34C02     BIC.B   #0x1, &0x24c
    290              P5DIR &= ~P5_0;
   \   000010   D2C34402     BIC.B   #0x1, &0x244
    291          
    292              P5SEL0 &= ~P5_1;
   \   000014   E2C34A02     BIC.B   #0x2, &0x24a
    293              P5SEL1 &= ~P5_1;
   \   000018   E2C34C02     BIC.B   #0x2, &0x24c
    294              P5DIR &= ~P5_1;
   \   00001C   E2C34402     BIC.B   #0x2, &0x244
    295              
    296              P5SEL0 &= ~P5_2;
   \   000020   E2C24A02     BIC.B   #0x4, &0x24a
    297              P5SEL1 &= ~P5_2;
   \   000024   E2C24C02     BIC.B   #0x4, &0x24c
    298              P5DIR &= ~P5_2;
   \   000028   E2C24402     BIC.B   #0x4, &0x244
    299              
    300              P5SEL0 &= ~P5_3;
   \   00002C   F2C24A02     BIC.B   #0x8, &0x24a
    301              P5SEL1 &= ~P5_3;
   \   000030   F2C24C02     BIC.B   #0x8, &0x24c
    302              P5DIR &= ~P5_3;
   \   000034   F2C24402     BIC.B   #0x8, &0x244
    303          
    304              P5SEL0 &= ~P5_4;
   \   000038   F2C010004A02 BIC.B   #0x10, &0x24a
    305              P5SEL1 &= ~P5_4;
   \   00003E   F2C010004C02 BIC.B   #0x10, &0x24c
    306              P5DIR &= ~P5_4;
   \   000044   F2C010004402 BIC.B   #0x10, &0x244
    307          }
   \   00004A   1001         RETA
   \   00004C                REQUIRE _A_PCOUT_L
   \   00004C                REQUIRE _A_PCDIR_L
   \   00004C                REQUIRE _A_PCSEL0_L
   \   00004C                REQUIRE _A_PCSEL1_L
    308          
    309          //===========================================================================
    310          // Function name: Init_Port6
    311          //
    312          // Description: Initialize all pins on port 6
    313          //
    314          // Passed : no variables passed
    315          // Locals: no variables declared
    316          // Returned: no values returned
    317          // Globals: no global variables used
    318          //
    319          // Author: Ibrahim Moghul
    320          // Date: Feb 2022
    321          // Compiler: Built with IAR Embedded Workbench Version: (7.21.1)
    322          //===========================================================================

   \                                 In  segment CODE, align 2
    323          void Init_Port6() {
   \                     Init_Port6:
    324              P6OUT = 0x00;
   \   000000   C2434302     MOV.B   #0x0, &0x243
    325              P6DIR = 0x00;
   \   000004   C2434502     MOV.B   #0x0, &0x245
    326          
    327              P6SEL0 |= MOTOR1_P_PIN;
   \   000008   D2D34B02     BIS.B   #0x1, &0x24b
    328              P6SEL1 &= ~MOTOR1_P_PIN;
   \   00000C   D2C34D02     BIC.B   #0x1, &0x24d
    329              P6DIR |= MOTOR1_P_PIN;
   \   000010   D2D34502     BIS.B   #0x1, &0x245
    330              
    331              P6SEL0 |= MOTOR1_N_PIN;
   \   000014   E2D34B02     BIS.B   #0x2, &0x24b
    332              P6SEL1 &= ~MOTOR1_N_PIN;
   \   000018   E2C34D02     BIC.B   #0x2, &0x24d
    333              P6DIR |= MOTOR1_N_PIN;
   \   00001C   E2D34502     BIS.B   #0x2, &0x245
    334              
    335              P6SEL0 |= MOTOR2_P_PIN;
   \   000020   E2D24B02     BIS.B   #0x4, &0x24b
    336              P6SEL1 &= ~MOTOR2_P_PIN;
   \   000024   E2C24D02     BIC.B   #0x4, &0x24d
    337              P6DIR |= MOTOR2_P_PIN;
   \   000028   E2D24502     BIS.B   #0x4, &0x245
    338              
    339              P6SEL0 |= MOTOR2_N_PIN;
   \   00002C   F2D24B02     BIS.B   #0x8, &0x24b
    340              P6SEL1 &= ~MOTOR2_N_PIN;
   \   000030   F2C24D02     BIC.B   #0x8, &0x24d
    341              P6DIR |= MOTOR2_N_PIN;
   \   000034   F2D24502     BIS.B   #0x8, &0x245
    342              
    343              P6SEL0 &= ~P6_4;
   \   000038   F2C010004B02 BIC.B   #0x10, &0x24b
    344              P6SEL1 &= ~P6_4;
   \   00003E   F2C010004D02 BIC.B   #0x10, &0x24d
    345              P6DIR &= ~P6_4;
   \   000044   F2C010004502 BIC.B   #0x10, &0x245
    346          
    347              P6SEL0 &= ~P6_5;
   \   00004A   F2C020004B02 BIC.B   #0x20, &0x24b
    348              P6SEL1 &= ~P6_5;
   \   000050   F2C020004D02 BIC.B   #0x20, &0x24d
    349              P6DIR &= ~P6_5;
   \   000056   F2C020004502 BIC.B   #0x20, &0x245
    350          
    351              P6SEL0 &= ~GRN_LED;
   \   00005C   F2C040004B02 BIC.B   #0x40, &0x24b
    352              P6SEL1 &= ~GRN_LED;
   \   000062   F2C040004D02 BIC.B   #0x40, &0x24d
    353              P6DIR |= GRN_LED;
   \   000068   F2D040004502 BIS.B   #0x40, &0x245
    354              P6OUT &= ~GRN_LED;
   \   00006E   F2C040004302 BIC.B   #0x40, &0x243
    355          }
   \   000074   1001         RETA
   \   000076                REQUIRE _A_PCOUT_L
   \   000076                REQUIRE _A_PCDIR_L
   \   000076                REQUIRE _A_PCSEL0_L
   \   000076                REQUIRE _A_PCSEL1_L

   Maximum stack usage in bytes:

   CSTACK Function
   ------ --------
      4   Init_Port1
      4   Init_Port2
      4   Init_Port3
      4   Init_Port4
      4   Init_Port5
      4   Init_Port6
      4   Init_Ports
        4   -> Init_Port1
        4   -> Init_Port2
        4   -> Init_Port3
        4   -> Init_Port4
        4   -> Init_Port5
        4   -> Init_Port6


   Segment part sizes:

   Bytes  Function/Label
   -----  --------------
     134  Init_Port1
     138  Init_Port2
     216  Init_Port3
     130  Init_Port4
      76  Init_Port5
     118  Init_Port6
      28  Init_Ports
       2  _A_PADIR_L
       2  _A_PAIES_L
       2  _A_PAIE_L
       2  _A_PAIFG_L
       2  _A_PAOUT_L
       2  _A_PAREN_L
       2  _A_PASEL0_L
       2  _A_PASEL1_L
       2  _A_PASELC_L
       2  _A_PBDIR_L
       2  _A_PBIES_L
       2  _A_PBIE_L
       2  _A_PBIFG_L
       2  _A_PBOUT_L
       2  _A_PBREN_L
       2  _A_PBSEL0_L
       2  _A_PBSEL1_L
       2  _A_PCDIR_L
       2  _A_PCOUT_L
       2  _A_PCSEL0_L
       2  _A_PCSEL1_L

 
 840 bytes in segment CODE
  42 bytes in segment DATA16_AN
 
 840 bytes of CODE memory
   0 bytes of DATA memory (+ 42 bytes shared)

Errors: none
Warnings: none
