###############################################################################
#
# IAR C/C++ Compiler V7.21.1.1000/W32 for MSP430          17/Oct/2022  10:14:20
# Copyright 1996-2021 IAR Systems AB.
# PC-locked license - IAR Embedded Workbench for MSP430, 8K KickStart Edition 7.21
#
#    __rt_version  =  3
#    __double_size =  32
#    __reg_r4      =  free
#    __reg_r5      =  free
#    __pic         =  no
#    __core        =  430X
#    __data_model  =  small
#    __code_model  =  large
#    Source file   =  
#        C:\Users\Ibrahim
#        Moghul\OneDrive\Documents\Programming\LaserController\Code\switches.c
#    Command line  =  
#        -f C:\Users\IBRAHI~1\AppData\Local\Temp\EW6A72.tmp ("C:\Users\Ibrahim
#        Moghul\OneDrive\Documents\Programming\LaserController\Code\switches.c"
#        -lC "C:\Users\Ibrahim
#        Moghul\OneDrive\Documents\Programming\LaserController\Code\Debug\List"
#        -o "C:\Users\Ibrahim
#        Moghul\OneDrive\Documents\Programming\LaserController\Code\Debug\Obj"
#        --no_cse --no_unroll --no_inline --no_code_motion --no_tbaa --debug
#        -D__MSP430FR2355__ -e --double=32 --dlib_config "C:\Program Files
#        (x86)\IAR Systems\Embedded Workbench 8.5\430\lib\dlib\dl430xlsfn.h" -I
#        ./ --core=430X --data_model=small -On --multiplier=32
#        --hw_workaround=CPU40 --code_model=large)
#    Locale        =  English_USA.1252
#    List file     =  
#        C:\Users\Ibrahim
#        Moghul\OneDrive\Documents\Programming\LaserController\Code\Debug\List\switches.lst
#    Object file   =  
#        C:\Users\Ibrahim
#        Moghul\OneDrive\Documents\Programming\LaserController\Code\Debug\Obj\switches.r43
#
###############################################################################

C:\Users\Ibrahim Moghul\OneDrive\Documents\Programming\LaserController\Code\switches.c
      1          #include "msp430.h"

   \                                 In  segment DATA16_AN, at 0x21a
   \   union <unnamed> _A_PAIE_L
   \                     _A_PAIE_L:
   \   000000                DS8 2

   \                                 In  segment DATA16_AN, at 0x21c
   \   union <unnamed> _A_PAIFG_L
   \                     _A_PAIFG_L:
   \   000000                DS8 2

   \                                 In  segment DATA16_AN, at 0x23a
   \   union <unnamed> _A_PBIE_L
   \                     _A_PBIE_L:
   \   000000                DS8 2

   \                                 In  segment DATA16_AN, at 0x23c
   \   union <unnamed> _A_PBIFG_L
   \                     _A_PBIFG_L:
   \   000000                DS8 2

   \                                 In  segment DATA16_AN, at 0x384
   \   union <unnamed> _A_TB0CCTL1_L
   \                     _A_TB0CCTL1_L:
   \   000000                DS8 2

   \                                 In  segment DATA16_AN, at 0x386
   \   union <unnamed> _A_TB0CCTL2_L
   \                     _A_TB0CCTL2_L:
   \   000000                DS8 2

   \                                 In  segment DATA16_AN, at 0x390
   \   union <unnamed> _A_TB0R_L
   \                     _A_TB0R_L:
   \   000000                DS8 2

   \                                 In  segment DATA16_AN, at 0x394
   \   union <unnamed> _A_TB0CCR1_L
   \                     _A_TB0CCR1_L:
   \   000000                DS8 2

   \                                 In  segment DATA16_AN, at 0x396
   \   union <unnamed> _A_TB0CCR2_L
   \                     _A_TB0CCR2_L:
   \   000000                DS8 2
      2          #include "switches.h"
      3          #include "ports.h"
      4          #include "macros.h"
      5          #include "timers.h"
      6          #include <string.h>
      7          

   \                                 In  segment DATA16_Z, align 2, align-sorted
   \   000000                REQUIRE ?cstart_init_zero
      8          volatile unsigned int sw1Okay, sw2Okay;
   \                     sw1Okay:
   \   000000                DS8 2

   \                                 In  segment DATA16_Z, align 2, align-sorted
   \   000000                REQUIRE ?cstart_init_zero
   \                     sw2Okay:
   \   000000                DS8 2

   \                                 In  segment DATA16_Z, align 2, align-sorted
   \   000000                REQUIRE ?cstart_init_zero
      9          volatile unsigned int count_debounce_SW1, count_debounce_SW2;
   \                     count_debounce_SW1:
   \   000000                DS8 2

   \                                 In  segment DATA16_Z, align 2, align-sorted
   \   000000                REQUIRE ?cstart_init_zero
   \                     count_debounce_SW2:
   \   000000                DS8 2

   \                                 In  segment DATA16_Z, align 2, align-sorted
   \   000000                REQUIRE ?cstart_init_zero
     10          volatile unsigned int sw1_pos, sw2_pos;
   \                     sw1_pos:
   \   000000                DS8 2

   \                                 In  segment DATA16_Z, align 2, align-sorted
   \   000000                REQUIRE ?cstart_init_zero
   \                     sw2_pos:
   \   000000                DS8 2
     11          extern volatile unsigned int debounce_count1, debounce_count2;
     12          extern volatile unsigned int debouncing1, debouncing2;
     13          
     14          //===========================================================================
     15          // Function name: switchP4_interrupt
     16          //
     17          // Description: This is the switch 1 interrupt, turns off LCD_BACKLITE and its
     18          // blinking timer
     19          //
     20          // Passed : no variables passed
     21          // Locals: no variables declared
     22          // Returned: no values returned
     23          // Globals: no global values
     24          //
     25          // Author: Ibrahim Moghul
     26          // Date: Feb 2022
     27          // Compiler: Built with IAR Embedded Workbench Version: (7.21.1)
     28          //===========================================================================
     29          
     30          #pragma vector=PORT4_VECTOR

   \                                 In  segment ISR_CODE, align 2
     31          __interrupt void switchP4_interrupt(void) {
   \                     switchP4_interrupt:
   \   000000   3F15         PUSHM.W #0x4, R15
     32              if(P4IFG & SW1 && debouncing1 == FALSE) {
   \   000002   E2B33D02     BIT.B   #0x2, &0x23d
   \   000006   1828         JNC     ??switchP4_interrupt_0
   \   000008   8293....     CMP.W   #0x0, &debouncing1
   \   00000C   1520         JNE     ??switchP4_interrupt_0
     33                  P4IE &= ~SW1;
   \   00000E   E2C33B02     BIC.B   #0x2, &0x23b
     34                  P4IFG &= ~SW1;
   \   000012   E2C33D02     BIC.B   #0x2, &0x23d
     35                  TB0CCTL1 &= ~CCIFG;
   \   000016   92C38403     BIC.W   #0x1, &0x384
     36                  TB0CCR1 = TB0R + TB0CCR1_INTERVAL;
   \   00001A   1F429003     MOV.W   &0x390, R15
   \   00001E   3F5050C3     ADD.W   #0xc350, R15
   \   000022   824F9403     MOV.W   R15, &0x394
     37                  TB0CCTL1 |= CCIE;
   \   000026   B2D010008403 BIS.W   #0x10, &0x384
     38                  debouncing1 = TRUE;
   \   00002C   9243....     MOV.W   #0x1, &debouncing1
     39                  
     40                  sendPulseTrain(200);
                         ^
Warning[Pe223]: function "sendPulseTrain" declared implicitly
   \   000030   3C40C800     MOV.W   #0xc8, R12
   \   000034   ........     CALLA   #sendPulseTrain
     41              }
     42          }
   \                     ??switchP4_interrupt_0:
   \   000038   3C17         POPM.W  #0x4, R15
   \   00003A   0013         RETI
   \   00003C                REQUIRE _A_PBIFG_L
   \   00003C                REQUIRE _A_PBIE_L
   \   00003C                REQUIRE _A_TB0CCTL1_L
   \   00003C                REQUIRE _A_TB0CCR1_L
   \   00003C                REQUIRE _A_TB0R_L
     43          
     44          //===========================================================================
     45          // Function name: switchP4_interrupt
     46          //
     47          // Description: This is the switch 2 interrupt, turns off LCD_BACKLITE and its
     48          // blinking timer
     49          //
     50          // Passed : no variables passed
     51          // Locals: no variables declared
     52          // Returned: no values returned
     53          // Globals: no global values
     54          //
     55          // Author: Ibrahim Moghul
     56          // Date: Feb 2022
     57          // Compiler: Built with IAR Embedded Workbench Version: (7.21.1)
     58          //===========================================================================
     59          #pragma vector=PORT2_VECTOR

   \                                 In  segment ISR_CODE, align 2
     60          __interrupt void switchP2_interrupt(void) {
   \                     switchP2_interrupt:
   \   000000   0F12         PUSH.W  R15
     61              if(P2IFG & SW2 && debouncing2 == FALSE) {
   \   000002   F2B21D02     BIT.B   #0x8, &0x21d
   \   000006   1428         JNC     ??switchP2_interrupt_0
   \   000008   8293....     CMP.W   #0x0, &debouncing2
   \   00000C   1120         JNE     ??switchP2_interrupt_0
     62                  P2IE &= ~SW2;
   \   00000E   F2C21B02     BIC.B   #0x8, &0x21b
     63                  P2IFG &= ~SW2;
   \   000012   F2C21D02     BIC.B   #0x8, &0x21d
     64                  TB0CCTL2 &= ~CCIFG;
   \   000016   92C38603     BIC.W   #0x1, &0x386
     65                  TB0CCR2 = TB0R + TB0CCR2_INTERVAL;
   \   00001A   1F429003     MOV.W   &0x390, R15
   \   00001E   3F5050C3     ADD.W   #0xc350, R15
   \   000022   824F9603     MOV.W   R15, &0x396
     66                  TB0CCTL2 |= CCIE;
   \   000026   B2D010008603 BIS.W   #0x10, &0x386
     67                  debouncing2 = TRUE;
   \   00002C   9243....     MOV.W   #0x1, &debouncing2
     68              }
     69          }
   \                     ??switchP2_interrupt_0:
   \   000030   3F41         POP.W   R15
   \   000032   0013         RETI
   \   000034                REQUIRE _A_PAIFG_L
   \   000034                REQUIRE _A_PAIE_L
   \   000034                REQUIRE _A_TB0CCTL2_L
   \   000034                REQUIRE _A_TB0CCR2_L
   \   000034                REQUIRE _A_TB0R_L

   \                                 In  segment INTVEC, offset 0x2c, root
   \                     `??switchP4_interrupt::??INTVEC 44`:
   \   00002C   ....         DC16    switchP4_interrupt

   \                                 In  segment INTVEC, offset 0x30, root
   \                     `??switchP2_interrupt::??INTVEC 48`:
   \   000030   ....         DC16    switchP2_interrupt
     70          

   Maximum stack usage in bytes:

   CSTACK Function
   ------ --------
      6   switchP2_interrupt
     12   switchP4_interrupt
       12   -> sendPulseTrain


   Segment part sizes:

   Bytes  Function/Label
   -----  --------------
       2  _A_PAIE_L
       2  _A_PAIFG_L
       2  _A_PBIE_L
       2  _A_PBIFG_L
       2  _A_TB0CCR1_L
       2  _A_TB0CCR2_L
       2  _A_TB0CCTL1_L
       2  _A_TB0CCTL2_L
       2  _A_TB0R_L
       2  count_debounce_SW1
       2  count_debounce_SW2
       2  sw1Okay
       2  sw1_pos
       2  sw2Okay
       2  sw2_pos
      52  switchP2_interrupt
       2  switchP2_interrupt::??INTVEC 48
      60  switchP4_interrupt
       2  switchP4_interrupt::??INTVEC 44

 
  18 bytes in segment DATA16_AN
  12 bytes in segment DATA16_Z
   4 bytes in segment INTVEC
 112 bytes in segment ISR_CODE
 
 112 bytes of CODE  memory
   0 bytes of CONST memory (+  4 bytes shared)
  12 bytes of DATA  memory (+ 18 bytes shared)

Errors: none
Warnings: 1
